Archive member included to satisfy reference by file (symbol)

app/libapp.a(main.c.obj)      (--whole-archive)
app/libapp.a(io.c.obj)        (--whole-archive)
app/libapp.a(flash_map_extended.c.obj)
                              (--whole-archive)
app/libapp.a(os.c.obj)        (--whole-archive)
app/libapp.a(keys.c.obj)      (--whole-archive)
app/libapp.a(image_validate.c.obj)
                              (--whole-archive)
app/libapp.a(tlv.c.obj)       (--whole-archive)
app/libapp.a(encrypted.c.obj)
                              (--whole-archive)
app/libapp.a(image_rsa.c.obj)
                              (--whole-archive)
app/libapp.a(image_ecdsa.c.obj)
                              (--whole-archive)
app/libapp.a(image_ed25519.c.obj)
                              (--whole-archive)
app/libapp.a(bootutil_misc.c.obj)
                              (--whole-archive)
app/libapp.a(fault_injection_hardening.c.obj)
                              (--whole-archive)
app/libapp.a(loader.c.obj)    (--whole-archive)
app/libapp.a(swap_misc.c.obj)
                              (--whole-archive)
app/libapp.a(swap_scratch.c.obj)
                              (--whole-archive)
app/libapp.a(swap_move.c.obj)
                              (--whole-archive)
app/libapp.a(caps.c.obj)      (--whole-archive)
app/libapp.a(asn1parse.c.obj)
                              (--whole-archive)
app/libapp.a(platform_util.c.obj)
                              (--whole-archive)
app/libapp.a(cc310_glue.c.obj)
                              (--whole-archive)
app/libapp.a(autogen-pubkey.c.obj)
                              (--whole-archive)
app/libapp.a(arm_cleanup.c.obj)
                              (--whole-archive)
app/libapp.a(nrf_cleanup.c.obj)
                              (--whole-archive)
zephyr/libzephyr.a(heap.c.obj)
                              (--whole-archive)
zephyr/libzephyr.a(cbprintf_packaged.c.obj)
                              (--whole-archive)
zephyr/libzephyr.a(printk.c.obj)
                              (--whole-archive)
zephyr/libzephyr.a(sem.c.obj)
                              (--whole-archive)
zephyr/libzephyr.a(thread_entry.c.obj)
                              (--whole-archive)
zephyr/libzephyr.a(cbprintf_nano.c.obj)
                              (--whole-archive)
zephyr/libzephyr.a(cbprintf.c.obj)
                              (--whole-archive)
zephyr/libzephyr.a(assert.c.obj)
                              (--whole-archive)
zephyr/libzephyr.a(dec.c.obj)
                              (--whole-archive)
zephyr/libzephyr.a(hex.c.obj)
                              (--whole-archive)
zephyr/libzephyr.a(rb.c.obj)  (--whole-archive)
zephyr/libzephyr.a(timeutil.c.obj)
                              (--whole-archive)
zephyr/libzephyr.a(bitarray.c.obj)
                              (--whole-archive)
zephyr/libzephyr.a(onoff.c.obj)
                              (--whole-archive)
zephyr/libzephyr.a(notify.c.obj)
                              (--whole-archive)
zephyr/libzephyr.a(configs.c.obj)
                              (--whole-archive)
zephyr/libzephyr.a(log_minimal.c.obj)
                              (--whole-archive)
zephyr/libzephyr.a(mem_attr.c.obj)
                              (--whole-archive)
zephyr/libzephyr.a(flash_map.c.obj)
                              (--whole-archive)
zephyr/libzephyr.a(flash_map_layout.c.obj)
                              (--whole-archive)
zephyr/libzephyr.a(tracing_none.c.obj)
                              (--whole-archive)
zephyr/libzephyr.a(flash_util.c.obj)
                              (--whole-archive)
zephyr/libzephyr.a(banner.c.obj)
                              (--whole-archive)
zephyr/libzephyr.a(flash_map_partition_manager.c.obj)
                              (--whole-archive)
zephyr/libzephyr.a(nrf_cc3xx_platform_abort_zephyr.c.obj)
                              (--whole-archive)
zephyr/libzephyr.a(nrf_cc3xx_platform_no_mutex_zephyr.c.obj)
                              (--whole-archive)
zephyr/arch/common/libarch__common.a(sw_isr_common.c.obj)
                              (--whole-archive)
zephyr/arch/arch/arm/core/libarch__arm__core.a(fatal.c.obj)
                              (--whole-archive)
zephyr/arch/arch/arm/core/libarch__arm__core.a(nmi.c.obj)
                              (--whole-archive)
zephyr/arch/arch/arm/core/libarch__arm__core.a(nmi_on_reset.S.obj)
                              (--whole-archive)
zephyr/arch/arch/arm/core/cortex_m/libarch__arm__core__cortex_m.a(exc_exit.c.obj)
                              (--whole-archive)
zephyr/arch/arch/arm/core/cortex_m/libarch__arm__core__cortex_m.a(fault.c.obj)
                              (--whole-archive)
zephyr/arch/arch/arm/core/cortex_m/libarch__arm__core__cortex_m.a(fault_s.S.obj)
                              (--whole-archive)
zephyr/arch/arch/arm/core/cortex_m/libarch__arm__core__cortex_m.a(fpu.c.obj)
                              (--whole-archive)
[...]
Memory Configuration

Name             Origin             Length             Attributes
FLASH            0x0000000000000000 0x000000000000c000 xr
RAM              0x0000000020000000 0x0000000000040000 xw
IDT_LIST         0x00000000ffff7fff 0x0000000000008000 xw
*default*        0x0000000000000000 0xffffffffffffffff

Linker script and memory map

LOAD zephyr/CMakeFiles/zephyr_pre0.dir/misc/empty_file.c.obj
LOAD zephyr/CMakeFiles/offsets.dir/./arch/arm/core/offsets/offsets.c.obj
LOAD app/libapp.a
LOAD zephyr/libzephyr.a
LOAD zephyr/arch/common/libarch__common.a
LOAD zephyr/arch/arch/arm/core/libarch__arm__core.a
LOAD zephyr/arch/arch/arm/core/cortex_m/libarch__arm__core__cortex_m.a
LOAD zephyr/arch/arch/arm/core/mpu/libarch__arm__core__mpu.a
LOAD zephyr/lib/libc/minimal/liblib__libc__minimal.a
LOAD zephyr/lib/libc/common/liblib__libc__common.a
LOAD zephyr/soc/soc/nrf52840/libsoc__nordic.a
LOAD zephyr/drivers/clock_control/libdrivers__clock_control.a
LOAD zephyr/drivers/console/libdrivers__console.a
LOAD zephyr/drivers/flash/libdrivers__flash.a
LOAD zephyr/drivers/gpio/libdrivers__gpio.a
LOAD zephyr/drivers/pinctrl/libdrivers__pinctrl.a
LOAD zephyr/drivers/serial/libdrivers__serial.a
LOAD zephyr/drivers/timer/libdrivers__timer.a
LOAD modules/nrf/lib/fprotect/lib..__nrf__lib__fprotect.a
LOAD modules/nrf/drivers/hw_cc3xx/lib..__nrf__drivers__hw_cc3xx.a
LOAD modules/mcuboot/boot/bootutil/zephyr/libmcuboot_util.a
LOAD modules/hal_nordic/nrfx/libmodules__hal_nordic__nrfx.a
LOAD modules/segger/libmodules__segger.a
LOAD zephyr/kernel/libkernel.a
LOAD zephyr/arch/common/libisr_tables.a
LOAD /home/luka/ncs/v2.9.1/nrfxlib/crypto/nrf_cc310_platform/lib/cortex-m4/hard-float/no-interrupts/libnrf_cc310_platform_0.9.19.a
LOAD /home/luka/ncs/v2.9.1/nrfxlib/crypto/nrf_cc310_bl/lib/cortex-m4/hard-float/no-interrupts/libnrf_cc310_bl_0.9.12.a
LOAD /home/luka/ncs/toolchains/b77d8c1312/opt/zephyr-sdk/arm-zephyr-eabi/bin/../lib/gcc/arm-zephyr-eabi/12.2.0/../../../../arm-zephyr-eabi/lib/thumb/v7e-m+fp/hard/libc.a
LOAD /home/luka/ncs/toolchains/b77d8c1312/opt/zephyr-sdk/arm-zephyr-eabi/bin/../lib/gcc/arm-zephyr-eabi/12.2.0/thumb/v7e-m+fp/hard/libgcc.a
                0x0000000000000020                _region_min_align = 0x20

.rel.plt        0x0000000000000000        0x0
 *(SORT_BY_ALIGNMENT(.rel.plt))
                [!provide]                        PROVIDE (__rel_iplt_start = .)
 *(SORT_BY_ALIGNMENT(.rel.iplt))
 .rel.iplt      0x0000000000000000        0x0 app/libapp.a(main.c.obj)
                [!provide]                        PROVIDE (__rel_iplt_end = .)

.rela.plt       0x0000000000000000        0x0
 *(SORT_BY_ALIGNMENT(.rela.plt))
                [!provide]                        PROVIDE (__rela_iplt_start = .)
 *(SORT_BY_ALIGNMENT(.rela.iplt))
                [!provide]                        PROVIDE (__rela_iplt_end = .)

.rel.dyn
 *(SORT_BY_ALIGNMENT(.rel.*))

.rela.dyn
 *(SORT_BY_ALIGNMENT(.rela.*))

/DISCARD/
 *(SORT_BY_ALIGNMENT(.plt))

/DISCARD/
 *(SORT_BY_ALIGNMENT(.iplt))
                0x0000000000000000                __rom_region_start = 0x0

rom_start       0x0000000000000000      0x100
                0x0000000000000000                __rom_start_address = .
 FILL mask 0x00
                0x0000000000000000                . = (. + (0x0 - (. - __rom_start_address)))
                0x0000000000000000                . = ALIGN (0x4)
                0x0000000000000000                . = ALIGN (0x80)
                0x0000000000000000                . = ALIGN (0x100)
                0x0000000000000000                _vector_start = .
 *(SORT_BY_ALIGNMENT(.exc_vector_table))
 *(SORT_BY_ALIGNMENT(.exc_vector_table.*))
 .exc_vector_table._vector_table_section
                0x0000000000000000       0x40 zephyr/arch/arch/arm/core/cortex_m/libarch__arm__core__cortex_m.a(vector_table.S.obj)
                0x0000000000000000                _vector_table
 *(SORT_BY_ALIGNMENT(.vectors))
                0x0000000000000100                _vector_end = .
                0x0000000000000040                . = ALIGN (0x4)
 *(SORT_BY_ALIGNMENT(.gnu.linkonce.irq_vector_table*))
 .gnu.linkonce.irq_vector_table
                0x0000000000000040       0xc0 zephyr/arch/common/libisr_tables.a(isr_tables.c.obj)
                0x0000000000000040                _irq_vector_table
                0x0000000000000100                _vector_end = .

text            0x0000000000000100     0x6f18
                0x0000000000000100                __text_region_start = .
 *(SORT_BY_ALIGNMENT(.text))
 .text          0x0000000000000100       0x30 /home/luka/ncs/toolchains/b77d8c1312/opt/zephyr-sdk/arm-zephyr-eabi/bin/../lib/gcc/arm-zephyr-eabi/12.2.0/thumb/v7e-m+fp/hard/libgcc.a(_aeabi_uldivmod.o)
                0x0000000000000100                __aeabi_uldivmod
 .text          0x0000000000000130        0x4 /home/luka/ncs/toolchains/b77d8c1312/opt/zephyr-sdk/arm-zephyr-eabi/bin/../lib/gcc/arm-zephyr-eabi/12.2.0/thumb/v7e-m+fp/hard/libgcc.a(_dvmd_tls.o)
                0x0000000000000130                __aeabi_ldiv0
                0x0000000000000130                __aeabi_idiv0
 .text          0x0000000000000134      0x2a0 /home/luka/ncs/toolchains/b77d8c1312/opt/zephyr-sdk/arm-zephyr-eabi/bin/../lib/gcc/arm-zephyr-eabi/12.2.0/thumb/v7e-m+fp/hard/libgcc.a(_udivmoddi4.o)
                0x0000000000000134                __udivmoddi4
 *(SORT_BY_ALIGNMENT(.text.*))
 .text.main     0x00000000000003d4       0xe0 app/libapp.a(main.c.obj)
                0x00000000000003d4                main
 .text.flash_device_base
                0x00000000000004b4       0x20 app/libapp.a(flash_map_extended.c.obj)
                0x00000000000004b4                flash_device_base
 .text.flash_area_id_from_multi_image_slot
                0x00000000000004d4       0x24 app/libapp.a(flash_map_extended.c.obj)
                0x00000000000004d4                flash_area_id_from_multi_image_slot
 .text.bootutil_img_validate
                0x00000000000004f8      0x234 app/libapp.a(image_validate.c.obj)
                0x00000000000004f8                bootutil_img_validate
 .text.bootutil_verify_sig
                0x000000000000072c      0x100 app/libapp.a(image_ecdsa.c.obj)
                0x000000000000072c                bootutil_verify_sig
 .text.boot_status_entries
                0x000000000000082c       0x2c app/libapp.a(bootutil_misc.c.obj)
                0x000000000000082c                boot_status_entries
 .text.boot_find_status
                0x0000000000000858       0x48 app/libapp.a(bootutil_misc.c.obj)
                0x0000000000000858                boot_find_status
 .text.bootutil_max_image_size
                0x00000000000008a0       0x2c app/libapp.a(bootutil_misc.c.obj)
                0x00000000000008a0                bootutil_max_image_size
 .text.boot_validate_slot.isra.0
                0x00000000000008cc      0x108 app/libapp.a(loader.c.obj)
 .text.boot_swap_image.isra.0
                0x00000000000009d4       0x88 app/libapp.a(loader.c.obj)
 .text.boot_copy_region
                0x0000000000000a5c       0x84 app/libapp.a(loader.c.obj)
                0x0000000000000a5c                boot_copy_region
 .text.context_boot_go
                0x0000000000000ae0      0x290 app/libapp.a(loader.c.obj)
                0x0000000000000ae0                context_boot_go
 .text.boot_go  0x0000000000000d70       0x20 app/libapp.a(loader.c.obj)
                0x0000000000000d70                boot_go
 .text.swap_set_copy_done
                0x0000000000000d90       0x2c app/libapp.a(swap_misc.c.obj)
                0x0000000000000d90                swap_set_copy_done
 .text.swap_set_image_ok
                0x0000000000000dbc       0x44 app/libapp.a(swap_misc.c.obj)
                0x0000000000000dbc                swap_set_image_ok
 .text.boot_read_image_header
                0x0000000000000e00       0xcc app/libapp.a(swap_move.c.obj)
                0x0000000000000e00                boot_read_image_header
 .text.swap_read_status_bytes
                0x0000000000000ecc       0xc8 app/libapp.a(swap_move.c.obj)
                0x0000000000000ecc                swap_read_status_bytes
 .text.boot_slots_compatible
                0x0000000000000f94       0x78 app/libapp.a(swap_move.c.obj)
                0x0000000000000f94                boot_slots_compatible
 .text.swap_status_source
                0x000000000000100c       0xcc app/libapp.a(swap_move.c.obj)
                0x000000000000100c                swap_status_source
 .text.fixup_revert
                0x00000000000010d8       0x98 app/libapp.a(swap_move.c.obj)
                0x00000000000010d8                fixup_revert
 .text.swap_run
                0x0000000000001170      0x1f0 app/libapp.a(swap_move.c.obj)
                0x0000000000001170                swap_run
 .text.mbedtls_platform_zeroize
                0x0000000000001360       0x14 app/libapp.a(platform_util.c.obj)
                0x0000000000001360                mbedtls_platform_zeroize
 .text.cc310_init
                0x0000000000001374       0x30 app/libapp.a(cc310_glue.c.obj)
                0x0000000000001374                cc310_init
 .text.cc310_ecdsa_verify_secp256r1
                0x00000000000013a4       0x3c app/libapp.a(cc310_glue.c.obj)
                0x00000000000013a4                cc310_ecdsa_verify_secp256r1
 .text.cleanup_arm_nvic
                0x00000000000013e0       0x54 app/libapp.a(arm_cleanup.c.obj)
                0x00000000000013e0                cleanup_arm_nvic
 .text.nrf_cleanup_peripheral
                0x0000000000001434       0xa4 app/libapp.a(nrf_cleanup.c.obj)
                0x0000000000001434                nrf_cleanup_peripheral
 .text.char_out
                0x00000000000014d8        0xc zephyr/libzephyr.a(printk.c.obj)
 .text.__printk_hook_install
                0x00000000000014e4        0xc zephyr/libzephyr.a(printk.c.obj)
                0x00000000000014e4                __printk_hook_install
 .text.vprintk  0x00000000000014f0       0x1c zephyr/libzephyr.a(printk.c.obj)
                0x00000000000014f0                vprintk
 .text.z_cbvprintf_impl
                0x000000000000150c      0x444 zephyr/libzephyr.a(cbprintf_nano.c.obj)
                0x000000000000150c                z_cbvprintf_impl
 .text.process_event
                0x0000000000001950      0x21c zephyr/libzephyr.a(onoff.c.obj)
 .text.mem_attr_get_regions
                0x0000000000001b6c        0xc zephyr/libzephyr.a(mem_attr.c.obj)
                0x0000000000001b6c                mem_attr_get_regions
 .text.flash_area_open
                0x0000000000001b78       0x50 zephyr/libzephyr.a(flash_map.c.obj)
                0x0000000000001b78                flash_area_open
 .text.flash_area_get_sectors
                0x0000000000001bc8       0x60 zephyr/libzephyr.a(flash_map_layout.c.obj)
                0x0000000000001bc8                flash_area_get_sectors
 .text.boot_banner
                0x0000000000001c28       0x24 zephyr/libzephyr.a(banner.c.obj)
                0x0000000000001c28                boot_banner
 .text.nrf_cc3xx_platform_abort_init
                0x0000000000001c4c        0xc zephyr/libzephyr.a(nrf_cc3xx_platform_abort_zephyr.c.obj)
                0x0000000000001c4c                nrf_cc3xx_platform_abort_init
 .text.z_SysNmiOnReset
                0x0000000000001c58        0x8 zephyr/arch/arch/arm/core/libarch__arm__core.a(nmi_on_reset.S.obj)
                0x0000000000001c58                z_SysNmiOnReset
 .text.mem_manage_fault
                0x0000000000001c60       0xa0 zephyr/arch/arch/arm/core/cortex_m/libarch__arm__core__cortex_m.a(fault.c.obj)
 .text.usage_fault.constprop.0
                0x0000000000001d00       0x54 zephyr/arch/arch/arm/core/cortex_m/libarch__arm__core__cortex_m.a(fault.c.obj)
 .text.bus_fault.constprop.0
                0x0000000000001d54       0x6c zephyr/arch/arch/arm/core/cortex_m/libarch__arm__core__cortex_m.a(fault.c.obj)
 .text.z_arm_fault
                0x0000000000001dc0      0x11c zephyr/arch/arch/arm/core/cortex_m/libarch__arm__core__cortex_m.a(fault.c.obj)
                0x0000000000001dc0                z_arm_fault
 .text.z_arm_fault_init
                0x0000000000001edc       0x18 zephyr/arch/arch/arm/core/cortex_m/libarch__arm__core__cortex_m.a(fault.c.obj)
                0x0000000000001edc                z_arm_fault_init
 .text.__fault  0x0000000000001ef4       0x14 zephyr/arch/arch/arm/core/cortex_m/libarch__arm__core__cortex_m.a(fault_s.S.obj)
                0x0000000000001ef4                z_arm_bus_fault
                0x0000000000001ef4                z_arm_usage_fault
                0x0000000000001ef4                z_arm_mpu_fault
                0x0000000000001ef4                z_arm_exc_spurious
                0x0000000000001ef4                z_arm_debug_monitor
                0x0000000000001ef4                z_arm_hard_fault
 .text._reset_section
                0x0000000000001f08       0x54 zephyr/arch/arch/arm/core/cortex_m/libarch__arm__core__cortex_m.a(reset.S.obj)
                0x0000000000001f08                z_arm_reset
                0x0000000000001f08                __start
 .text.z_arm_clear_arm_mpu_config
                0x0000000000001f5c       0x24 zephyr/arch/arch/arm/core/cortex_m/libarch__arm__core__cortex_m.a(scb.c.obj)
                0x0000000000001f5c                z_arm_clear_arm_mpu_config
 .text.z_arm_init_arch_hw_at_boot
                0x0000000000001f80       0x64 zephyr/arch/arch/arm/core/cortex_m/libarch__arm__core__cortex_m.a(scb.c.obj)
                0x0000000000001f80                z_arm_init_arch_hw_at_boot
 .text.z_arm_svc
                0x0000000000001fe4       0x20 zephyr/arch/arch/arm/core/cortex_m/libarch__arm__core__cortex_m.a(swap_helper.S.obj)
                0x0000000000001fe4                z_arm_svc
 .text.arch_irq_enable
                0x0000000000002004       0x1c zephyr/arch/arch/arm/core/cortex_m/libarch__arm__core__cortex_m.a(irq_manage.c.obj)
                0x0000000000002004                arch_irq_enable
 .text.arch_irq_disable
                0x0000000000002020       0x28 zephyr/arch/arch/arm/core/cortex_m/libarch__arm__core__cortex_m.a(irq_manage.c.obj)
                0x0000000000002020                arch_irq_disable
 .text.arch_irq_is_enabled
                0x0000000000002048       0x1c zephyr/arch/arch/arm/core/cortex_m/libarch__arm__core__cortex_m.a(irq_manage.c.obj)
                0x0000000000002048                arch_irq_is_enabled
 .text.z_arm_irq_priority_set
                0x0000000000002064       0x30 zephyr/arch/arch/arm/core/cortex_m/libarch__arm__core__cortex_m.a(irq_manage.c.obj)
                0x0000000000002064                z_arm_irq_priority_set
 .text.z_prep_c
                0x0000000000002094       0x5c zephyr/arch/arch/arm/core/cortex_m/libarch__arm__core__cortex_m.a(prep_c.c.obj)
                0x0000000000002094                z_prep_c
 .text.z_check_thread_stack_fail
                0x00000000000020f0       0x2c zephyr/arch/arch/arm/core/cortex_m/libarch__arm__core__cortex_m.a(thread.c.obj)
                0x00000000000020f0                z_check_thread_stack_fail
 .text.z_arm_switch_to_main_no_multithreading
                0x000000000000211c       0x38 zephyr/arch/arch/arm/core/cortex_m/libarch__arm__core__cortex_m.a(thread.c.obj)
                0x000000000000211c                z_arm_switch_to_main_no_multithreading
 .text.z_arm_cpu_idle_init
                0x0000000000002154        0xc zephyr/arch/arch/arm/core/cortex_m/libarch__arm__core__cortex_m.a(cpu_idle.c.obj)
                0x0000000000002154                z_arm_cpu_idle_init
 .text.z_arm_interrupt_init
                0x0000000000002160       0x18 zephyr/arch/arch/arm/core/cortex_m/libarch__arm__core__cortex_m.a(irq_init.c.obj)
                0x0000000000002160                z_arm_interrupt_init
 .text._isr_wrapper
                0x0000000000002178       0x24 zephyr/arch/arch/arm/core/cortex_m/libarch__arm__core__cortex_m.a(isr_wrapper.c.obj)
                0x0000000000002178                _isr_wrapper
 .text.z_arm_configure_static_mpu_regions
                0x000000000000219c       0x18 zephyr/arch/arch/arm/core/mpu/libarch__arm__core__mpu.a(arm_core_mpu.c.obj)
                0x000000000000219c                z_arm_configure_static_mpu_regions
 .text.region_init
                0x00000000000021b4       0x28 zephyr/arch/arch/arm/core/mpu/libarch__arm__core__mpu.a(arm_mpu.c.obj)
 .text.mpu_configure_regions
                0x00000000000021dc       0x6c zephyr/arch/arch/arm/core/mpu/libarch__arm__core__mpu.a(arm_mpu.c.obj)
 .text.arm_core_mpu_enable
                0x0000000000002248       0x18 zephyr/arch/arch/arm/core/mpu/libarch__arm__core__mpu.a(arm_mpu.c.obj)
                0x0000000000002248                arm_core_mpu_enable
 .text.arm_core_mpu_disable
                0x0000000000002260       0x14 zephyr/arch/arch/arm/core/mpu/libarch__arm__core__mpu.a(arm_mpu.c.obj)
                0x0000000000002260                arm_core_mpu_disable
 .text.arm_core_mpu_configure_static_mpu_regions
                0x0000000000002274       0x14 zephyr/arch/arch/arm/core/mpu/libarch__arm__core__mpu.a(arm_mpu.c.obj)
                0x0000000000002274                arm_core_mpu_configure_static_mpu_regions
 .text.z_arm_mpu_init
                0x0000000000002288      0x168 zephyr/arch/arch/arm/core/mpu/libarch__arm__core__mpu.a(arm_mpu.c.obj)
                0x0000000000002288                z_arm_mpu_init
 .text.__stdout_hook_install
                0x00000000000023f0        0xc zephyr/lib/libc/minimal/liblib__libc__minimal.a(stdout_console.c.obj)
                0x00000000000023f0                __stdout_hook_install
 .text.nordicsemi_nrf52_init
                0x00000000000023fc       0x44 zephyr/soc/soc/nrf52840/libsoc__nordic.a(soc.c.obj)
 .text.arch_busy_wait
                0x0000000000002440       0x14 zephyr/soc/soc/nrf52840/libsoc__nordic.a(soc.c.obj)
                0x0000000000002440                arch_busy_wait
 .text.onoff_stop
                0x0000000000002454       0x30 zephyr/drivers/clock_control/libdrivers__clock_control.a(clock_control_nrf.c.obj)
 .text.onoff_start
                0x0000000000002484       0x44 zephyr/drivers/clock_control/libdrivers__clock_control.a(clock_control_nrf.c.obj)
 .text.generic_hfclk_stop
                0x00000000000024c8       0x34 zephyr/drivers/clock_control/libdrivers__clock_control.a(clock_control_nrf.c.obj)
 .text.clk_init
                0x00000000000024fc       0x58 zephyr/drivers/clock_control/libdrivers__clock_control.a(clock_control_nrf.c.obj)
 .text.clkstarted_handle.constprop.0
                0x0000000000002554       0x4c zephyr/drivers/clock_control/libdrivers__clock_control.a(clock_control_nrf.c.obj)
 .text.generic_hfclk_start
                0x00000000000025a0       0x7c zephyr/drivers/clock_control/libdrivers__clock_control.a(clock_control_nrf.c.obj)
 .text.clock_event_handler
                0x000000000000261c       0x1c zephyr/drivers/clock_control/libdrivers__clock_control.a(clock_control_nrf.c.obj)
 .text.z_nrf_clock_control_lf_on
                0x0000000000002638       0xf4 zephyr/drivers/clock_control/libdrivers__clock_control.a(clock_control_nrf.c.obj)
                0x0000000000002638                z_nrf_clock_control_lf_on
 .text.uart_console_init
                0x000000000000272c       0x28 zephyr/drivers/console/libdrivers__console.a(uart_console.c.obj)
 .text.console_out
                0x0000000000002754       0x28 zephyr/drivers/console/libdrivers__console.a(uart_console.c.obj)
 .text.flash_nrf_pages_layout
                0x000000000000277c       0x10 zephyr/drivers/flash/libdrivers__flash.a(soc_flash_nrf.c.obj)
 .text.flash_nrf_get_parameters
                0x000000000000278c        0x8 zephyr/drivers/flash/libdrivers__flash.a(soc_flash_nrf.c.obj)
 .text.nrf_flash_init
                0x0000000000002794       0x18 zephyr/drivers/flash/libdrivers__flash.a(soc_flash_nrf.c.obj)
 .text.restore_pofwarn.part.0
                0x00000000000027ac       0x2c zephyr/drivers/flash/libdrivers__flash.a(soc_flash_nrf.c.obj)
 .text.suspend_pofwarn
                0x00000000000027d8       0x58 zephyr/drivers/flash/libdrivers__flash.a(soc_flash_nrf.c.obj)
 .text.flash_nrf_erase
                0x0000000000002830       0x70 zephyr/drivers/flash/libdrivers__flash.a(soc_flash_nrf.c.obj)
 .text.flash_nrf_write
                0x00000000000028a0       0x74 zephyr/drivers/flash/libdrivers__flash.a(soc_flash_nrf.c.obj)
 .text.gpio_nrfx_pin_interrupt_configure
                0x0000000000002914      0x100 zephyr/drivers/gpio/libdrivers__gpio.a(gpio_nrfx.c.obj)
 .text.gpio_nrfx_init
                0x0000000000002a14       0x48 zephyr/drivers/gpio/libdrivers__gpio.a(gpio_nrfx.c.obj)
 .text.nrfx_gpio_handler
                0x0000000000002a5c       0x4c zephyr/drivers/gpio/libdrivers__gpio.a(gpio_nrfx.c.obj)
 .text.gpio_nrfx_pin_configure
                0x0000000000002aa8      0x18c zephyr/drivers/gpio/libdrivers__gpio.a(gpio_nrfx.c.obj)
 .text.nrf_gpio_pin_port_decode
                0x0000000000002c34       0x20 zephyr/drivers/pinctrl/libdrivers__pinctrl.a(pinctrl_nrf.c.obj)
 .text.pinctrl_configure_pins
                0x0000000000002c54      0x1a4 zephyr/drivers/pinctrl/libdrivers__pinctrl.a(pinctrl_nrf.c.obj)
                0x0000000000002c54                pinctrl_configure_pins
 .text.uarte_nrfx_poll_out
                0x0000000000002df8       0xac zephyr/drivers/serial/libdrivers__serial.a(uart_nrfx_uarte.c.obj)
 .text.uarte_0_init
                0x0000000000002ea4      0x108 zephyr/drivers/serial/libdrivers__serial.a(uart_nrfx_uarte.c.obj)
 .text.compare_int_lock
                0x0000000000002fac       0x48 zephyr/drivers/timer/libdrivers__timer.a(nrf_rtc_timer.c.obj)
 .text.sys_clock_timeout_handler
                0x0000000000002ff4       0x48 zephyr/drivers/timer/libdrivers__timer.a(nrf_rtc_timer.c.obj)
 .text.compare_int_unlock
                0x000000000000303c       0x5c zephyr/drivers/timer/libdrivers__timer.a(nrf_rtc_timer.c.obj)
 .text.z_nrf_rtc_timer_read
                0x0000000000003098       0x44 zephyr/drivers/timer/libdrivers__timer.a(nrf_rtc_timer.c.obj)
                0x0000000000003098                z_nrf_rtc_timer_read
 .text.compare_set
                0x00000000000030dc      0x130 zephyr/drivers/timer/libdrivers__timer.a(nrf_rtc_timer.c.obj)
 .text.sys_clock_driver_init
                0x000000000000320c       0x90 zephyr/drivers/timer/libdrivers__timer.a(nrf_rtc_timer.c.obj)
 .text.rtc_nrf_isr
                0x000000000000329c       0xd4 zephyr/drivers/timer/libdrivers__timer.a(nrf_rtc_timer.c.obj)
                0x000000000000329c                rtc_nrf_isr
 .text.sys_clock_set_timeout
                0x0000000000003370       0x5c zephyr/drivers/timer/libdrivers__timer.a(nrf_rtc_timer.c.obj)
                0x0000000000003370                sys_clock_set_timeout
 .text.sys_clock_elapsed
                0x00000000000033cc       0x14 zephyr/drivers/timer/libdrivers__timer.a(nrf_rtc_timer.c.obj)
                0x00000000000033cc                sys_clock_elapsed
 .text.sys_clock_disable
                0x00000000000033e0       0x30 zephyr/drivers/timer/libdrivers__timer.a(nrf_rtc_timer.c.obj)
                0x00000000000033e0                sys_clock_disable
 .text.find_free_region
                0x0000000000003410       0x3c modules/nrf/lib/fprotect/lib..__nrf__lib__fprotect.a(fprotect_acl.c.obj)
 .text.boot_write_magic
                0x000000000000344c       0x40 modules/mcuboot/boot/bootutil/zephyr/libmcuboot_util.a(bootutil_public.c.obj)
                0x000000000000344c                boot_write_magic
 .text.boot_read_swap_state
                0x000000000000348c       0xac modules/mcuboot/boot/bootutil/zephyr/libmcuboot_util.a(bootutil_public.c.obj)
                0x000000000000348c                boot_read_swap_state
 .text.boot_swap_type_multi
                0x0000000000003538      0x100 modules/mcuboot/boot/bootutil/zephyr/libmcuboot_util.a(bootutil_public.c.obj)
                0x0000000000003538                boot_swap_type_multi
 .text.nrf52_errata_98
                0x0000000000003638       0x24 modules/hal_nordic/nrfx/libmodules__hal_nordic__nrfx.a(system_nrf52840.c.obj)
 .text.nvmc_wait
                0x000000000000365c       0x10 modules/hal_nordic/nrfx/libmodules__hal_nordic__nrfx.a(system_nrf52840.c.obj)
                0x000000000000365c                nvmc_wait
 .text.SystemInit
                0x000000000000366c      0x1d8 modules/hal_nordic/nrfx/libmodules__hal_nordic__nrfx.a(system_nrf52840.c.obj)
                0x000000000000366c                SystemInit
 .text.nrfx_flag32_alloc
                0x0000000000003844       0x48 modules/hal_nordic/nrfx/libmodules__hal_nordic__nrfx.a(nrfx_flag32_allocator.c.obj)
                0x0000000000003844                nrfx_flag32_alloc
 .text.nrfx_flag32_free
                0x000000000000388c       0x40 modules/hal_nordic/nrfx/libmodules__hal_nordic__nrfx.a(nrfx_flag32_allocator.c.obj)
                0x000000000000388c                nrfx_flag32_free
 .text.nrfx_gppi_channels_enable
                0x00000000000038cc        0xc modules/hal_nordic/nrfx/libmodules__hal_nordic__nrfx.a(nrfx_gppi_ppi.c.obj)
                0x00000000000038cc                nrfx_gppi_channels_enable
 .text.clock_stop
                0x00000000000038d8       0xc4 modules/hal_nordic/nrfx/libmodules__hal_nordic__nrfx.a(nrfx_clock.c.obj)
 .text.nrfx_clock_init
                0x000000000000399c       0x20 modules/hal_nordic/nrfx/libmodules__hal_nordic__nrfx.a(nrfx_clock.c.obj)
                0x000000000000399c                nrfx_clock_init
 .text.nrfx_clock_enable
                0x00000000000039bc       0x24 modules/hal_nordic/nrfx/libmodules__hal_nordic__nrfx.a(nrfx_clock.c.obj)
                0x00000000000039bc                nrfx_clock_enable
 .text.nrfx_clock_start
                0x00000000000039e0       0xa8 modules/hal_nordic/nrfx/libmodules__hal_nordic__nrfx.a(nrfx_clock.c.obj)
                0x00000000000039e0                nrfx_clock_start
 .text.nrfx_power_clock_irq_handler
                0x0000000000003a88       0x68 modules/hal_nordic/nrfx/libmodules__hal_nordic__nrfx.a(nrfx_clock.c.obj)
                0x0000000000003a88                nrfx_power_clock_irq_handler
 .text.nrf_gpio_pin_port_decode
                0x0000000000003af0       0x20 modules/hal_nordic/nrfx/libmodules__hal_nordic__nrfx.a(nrfx_gpiote.c.obj)
 .text.get_pin_idx
                0x0000000000003b10       0x14 modules/hal_nordic/nrfx/libmodules__hal_nordic__nrfx.a(nrfx_gpiote.c.obj)
 .text.call_handler.constprop.0
                0x0000000000003b24       0x40 modules/hal_nordic/nrfx/libmodules__hal_nordic__nrfx.a(nrfx_gpiote.c.obj)
 .text.pin_te_get.constprop.0
                0x0000000000003b64       0x18 modules/hal_nordic/nrfx/libmodules__hal_nordic__nrfx.a(nrfx_gpiote.c.obj)
 .text.pin_is_output.constprop.0
                0x0000000000003b7c       0x18 modules/hal_nordic/nrfx/libmodules__hal_nordic__nrfx.a(nrfx_gpiote.c.obj)
 .text.pin_in_use_by_te.constprop.0
                0x0000000000003b94       0x18 modules/hal_nordic/nrfx/libmodules__hal_nordic__nrfx.a(nrfx_gpiote.c.obj)
 .text.latch_pending_read_and_check
                0x0000000000003bac       0x40 modules/hal_nordic/nrfx/libmodules__hal_nordic__nrfx.a(nrfx_gpiote.c.obj)
 .text.release_handler.isra.0
                0x0000000000003bec       0x58 modules/hal_nordic/nrfx/libmodules__hal_nordic__nrfx.a(nrfx_gpiote.c.obj)
 .text.__nrfy_internal_gpiote_events_process.constprop.0
                0x0000000000003c44       0x5c modules/hal_nordic/nrfx/libmodules__hal_nordic__nrfx.a(nrfx_gpiote.c.obj)
 .text.pin_uninit
                0x0000000000003ca0       0x80 modules/hal_nordic/nrfx/libmodules__hal_nordic__nrfx.a(nrfx_gpiote.c.obj)
 .text.nrfx_gpiote_input_configure
                0x0000000000003d20      0x174 modules/hal_nordic/nrfx/libmodules__hal_nordic__nrfx.a(nrfx_gpiote.c.obj)
                0x0000000000003d20                nrfx_gpiote_input_configure
 .text.nrfx_gpiote_output_configure
                0x0000000000003e94       0xfc modules/hal_nordic/nrfx/libmodules__hal_nordic__nrfx.a(nrfx_gpiote.c.obj)
                0x0000000000003e94                nrfx_gpiote_output_configure
 .text.nrfx_gpiote_global_callback_set
                0x0000000000003f90        0xc modules/hal_nordic/nrfx/libmodules__hal_nordic__nrfx.a(nrfx_gpiote.c.obj)
                0x0000000000003f90                nrfx_gpiote_global_callback_set
 .text.nrfx_gpiote_channel_get
                0x0000000000003f9c       0x34 modules/hal_nordic/nrfx/libmodules__hal_nordic__nrfx.a(nrfx_gpiote.c.obj)
                0x0000000000003f9c                nrfx_gpiote_channel_get
 .text.nrfx_gpiote_init
                0x0000000000003fd0       0x68 modules/hal_nordic/nrfx/libmodules__hal_nordic__nrfx.a(nrfx_gpiote.c.obj)
                0x0000000000003fd0                nrfx_gpiote_init
 .text.nrfx_gpiote_init_check
                0x0000000000004038       0x14 modules/hal_nordic/nrfx/libmodules__hal_nordic__nrfx.a(nrfx_gpiote.c.obj)
                0x0000000000004038                nrfx_gpiote_init_check
 .text.nrfx_gpiote_channel_free
                0x000000000000404c        0xc modules/hal_nordic/nrfx/libmodules__hal_nordic__nrfx.a(nrfx_gpiote.c.obj)
                0x000000000000404c                nrfx_gpiote_channel_free
 .text.nrfx_gpiote_channel_alloc
                0x0000000000004058        0xc modules/hal_nordic/nrfx/libmodules__hal_nordic__nrfx.a(nrfx_gpiote.c.obj)
                0x0000000000004058                nrfx_gpiote_channel_alloc
 .text.nrfx_gpiote_trigger_enable
                0x0000000000004064       0xb0 modules/hal_nordic/nrfx/libmodules__hal_nordic__nrfx.a(nrfx_gpiote.c.obj)
                0x0000000000004064                nrfx_gpiote_trigger_enable
 .text.nrfx_gpiote_0_irq_handler
                0x0000000000004114      0x1bc modules/hal_nordic/nrfx/libmodules__hal_nordic__nrfx.a(nrfx_gpiote.c.obj)
                0x0000000000004114                nrfx_gpiote_0_irq_handler
 .text.nvmc_word_write
                0x00000000000042d0       0x18 modules/hal_nordic/nrfx/libmodules__hal_nordic__nrfx.a(nrfx_nvmc.c.obj)
 .text.nrfx_nvmc_page_erase
                0x00000000000042e8       0x40 modules/hal_nordic/nrfx/libmodules__hal_nordic__nrfx.a(nrfx_nvmc.c.obj)
                0x00000000000042e8                nrfx_nvmc_page_erase
 .text.nrfx_nvmc_word_write
                0x0000000000004328       0x1c modules/hal_nordic/nrfx/libmodules__hal_nordic__nrfx.a(nrfx_nvmc.c.obj)
                0x0000000000004328                nrfx_nvmc_word_write
 .text.nrfx_ppi_channel_alloc
                0x0000000000004344        0xc modules/hal_nordic/nrfx/libmodules__hal_nordic__nrfx.a(nrfx_ppi.c.obj)
                0x0000000000004344                nrfx_ppi_channel_alloc
 .text._DoInit  0x0000000000004350       0x68 modules/segger/libmodules__segger.a(SEGGER_RTT.c.obj)
 .text.z_sys_init_run_level
                0x00000000000043b8       0x2c zephyr/kernel/libkernel.a(init.c.obj)
 .text.bg_thread_main
                0x00000000000043e4       0x34 zephyr/kernel/libkernel.a(init.c.obj)
 .text.z_bss_zero
                0x0000000000004418       0x18 zephyr/kernel/libkernel.a(init.c.obj)
                0x0000000000004418                z_bss_zero
 .text.z_cstart
                0x0000000000004430       0x78 zephyr/kernel/libkernel.a(init.c.obj)
                0x0000000000004430                z_cstart
 .text.z_data_copy
                0x00000000000044a8       0x34 zephyr/kernel/libkernel.a(xip.c.obj)
                0x00000000000044a8                z_data_copy
 .text.elapsed  0x00000000000044dc       0x14 zephyr/kernel/libkernel.a(timeout.c.obj)
 .text.remove_timeout
                0x00000000000044f0       0x38 zephyr/kernel/libkernel.a(timeout.c.obj)
 .text.next_timeout
                0x0000000000004528       0x40 zephyr/kernel/libkernel.a(timeout.c.obj)
 .text.sys_clock_announce
                0x0000000000004568       0xcc zephyr/kernel/libkernel.a(timeout.c.obj)
                0x0000000000004568                sys_clock_announce
 .text.nrf_cc3xx_platform_init_no_rng
                0x0000000000004634       0x38 /home/luka/ncs/v2.9.1/nrfxlib/crypto/nrf_cc310_platform/lib/cortex-m4/hard-float/no-interrupts/libnrf_cc310_platform_0.9.19.a(nrf_cc3xx_platform.c.obj)
                0x0000000000004634                nrf_cc3xx_platform_init_no_rng
 .text.nrf_cc3xx_platform_abort
                0x000000000000466c       0x24 /home/luka/ncs/v2.9.1/nrfxlib/crypto/nrf_cc310_platform/lib/cortex-m4/hard-float/no-interrupts/libnrf_cc310_platform_0.9.19.a(nrf_cc3xx_platform_abort.c.obj)
 .text.CC_PalAbort
                0x0000000000004690       0x38 /home/luka/ncs/v2.9.1/nrfxlib/crypto/nrf_cc310_platform/lib/cortex-m4/hard-float/no-interrupts/libnrf_cc310_platform_0.9.19.a(nrf_cc3xx_platform_abort.c.obj)
                0x0000000000004690                CC_PalAbort
 .text.nrf_cc3xx_platform_set_abort
                0x00000000000046c8       0x10 /home/luka/ncs/v2.9.1/nrfxlib/crypto/nrf_cc310_platform/lib/cortex-m4/hard-float/no-interrupts/libnrf_cc310_platform_0.9.19.a(nrf_cc3xx_platform_abort.c.obj)
                0x00000000000046c8                nrf_cc3xx_platform_set_abort
 .text.CC_LibInitNoRng
                0x00000000000046d8       0x64 /home/luka/ncs/v2.9.1/nrfxlib/crypto/nrf_cc310_platform/lib/cortex-m4/hard-float/no-interrupts/libnrf_cc310_platform_0.9.19.a(cc_lib.c.obj)
                0x00000000000046d8                CC_LibInitNoRng
 .text.CC_HalInit
                0x000000000000473c        0x4 /home/luka/ncs/v2.9.1/nrfxlib/crypto/nrf_cc310_platform/lib/cortex-m4/hard-float/no-interrupts/libnrf_cc310_platform_0.9.19.a(cc_hal.c.obj)
                0x000000000000473c                CC_HalInit
 .text.CC_HalTerminate
                0x0000000000004740        0x4 /home/luka/ncs/v2.9.1/nrfxlib/crypto/nrf_cc310_platform/lib/cortex-m4/hard-float/no-interrupts/libnrf_cc310_platform_0.9.19.a(cc_hal.c.obj)
                0x0000000000004740                CC_HalTerminate
 .text.CC_HalMaskInterrupt
                0x0000000000004744        0xc /home/luka/ncs/v2.9.1/nrfxlib/crypto/nrf_cc310_platform/lib/cortex-m4/hard-float/no-interrupts/libnrf_cc310_platform_0.9.19.a(cc_hal.c.obj)
                0x0000000000004744                CC_HalMaskInterrupt
 .text.CC_PalInit
                0x0000000000004750       0x5c /home/luka/ncs/v2.9.1/nrfxlib/crypto/nrf_cc310_platform/lib/cortex-m4/hard-float/no-interrupts/libnrf_cc310_platform_0.9.19.a(cc_pal.c.obj)
                0x0000000000004750                CC_PalInit
 .text.CC_PalTerminate
                0x00000000000047ac       0x34 /home/luka/ncs/v2.9.1/nrfxlib/crypto/nrf_cc310_platform/lib/cortex-m4/hard-float/no-interrupts/libnrf_cc310_platform_0.9.19.a(cc_pal.c.obj)
                0x00000000000047ac                CC_PalTerminate
 .text.CC_PalDmaInit
                0x00000000000047e0        0x4 /home/luka/ncs/v2.9.1/nrfxlib/crypto/nrf_cc310_platform/lib/cortex-m4/hard-float/no-interrupts/libnrf_cc310_platform_0.9.19.a(cc_pal_dma.c.obj)
                0x00000000000047e0                CC_PalDmaInit
 .text.CC_PalDmaTerminate
                0x00000000000047e4        0x4 /home/luka/ncs/v2.9.1/nrfxlib/crypto/nrf_cc310_platform/lib/cortex-m4/hard-float/no-interrupts/libnrf_cc310_platform_0.9.19.a(cc_pal_dma.c.obj)
                0x00000000000047e4                CC_PalDmaTerminate
 .text.CC_PalMutexCreate
                0x00000000000047e8       0x14 /home/luka/ncs/v2.9.1/nrfxlib/crypto/nrf_cc310_platform/lib/cortex-m4/hard-float/no-interrupts/libnrf_cc310_platform_0.9.19.a(cc_pal_mutex.c.obj)
                0x00000000000047e8                CC_PalMutexCreate
 .text.CC_PalMutexDestroy
                0x00000000000047fc       0x14 /home/luka/ncs/v2.9.1/nrfxlib/crypto/nrf_cc310_platform/lib/cortex-m4/hard-float/no-interrupts/libnrf_cc310_platform_0.9.19.a(cc_pal_mutex.c.obj)
                0x00000000000047fc                CC_PalMutexDestroy
 .text.CC_PalPowerSaveModeInit
                0x0000000000004810       0x3c /home/luka/ncs/v2.9.1/nrfxlib/crypto/nrf_cc310_platform/lib/cortex-m4/hard-float/no-interrupts/libnrf_cc310_platform_0.9.19.a(cc_pal_pm.c.obj)
                0x0000000000004810                CC_PalPowerSaveModeInit
 .text.CC_PalPowerSaveModeSelect
                0x000000000000484c       0x84 /home/luka/ncs/v2.9.1/nrfxlib/crypto/nrf_cc310_platform/lib/cortex-m4/hard-float/no-interrupts/libnrf_cc310_platform_0.9.19.a(cc_pal_pm.c.obj)
                0x000000000000484c                CC_PalPowerSaveModeSelect
 .text.mutex_free
                0x00000000000048d0       0x34 /home/luka/ncs/v2.9.1/nrfxlib/crypto/nrf_cc310_platform/lib/cortex-m4/hard-float/no-interrupts/libnrf_cc310_platform_0.9.19.a(nrf_cc3xx_platform_mutex.c.obj)
 .text.mutex_lock
                0x0000000000004904       0x48 /home/luka/ncs/v2.9.1/nrfxlib/crypto/nrf_cc310_platform/lib/cortex-m4/hard-float/no-interrupts/libnrf_cc310_platform_0.9.19.a(nrf_cc3xx_platform_mutex.c.obj)
 .text.mutex_unlock
                0x000000000000494c       0x38 /home/luka/ncs/v2.9.1/nrfxlib/crypto/nrf_cc310_platform/lib/cortex-m4/hard-float/no-interrupts/libnrf_cc310_platform_0.9.19.a(nrf_cc3xx_platform_mutex.c.obj)
 .text.mutex_init
                0x0000000000004984       0x20 /home/luka/ncs/v2.9.1/nrfxlib/crypto/nrf_cc310_platform/lib/cortex-m4/hard-float/no-interrupts/libnrf_cc310_platform_0.9.19.a(nrf_cc3xx_platform_mutex.c.obj)
 .text.verify_context_ecdsa_verify_secp256r1
                0x00000000000049a4       0x20 /home/luka/ncs/v2.9.1/nrfxlib/crypto/nrf_cc310_bl/lib/cortex-m4/hard-float/no-interrupts/libnrf_cc310_bl_0.9.12.a(nrf_cc310_bl_ecdsa_verify_secp256r1.c.obj)
 .text.nrf_cc310_bl_ecdsa_verify_init_secp256r1
                0x00000000000049c4       0x4c /home/luka/ncs/v2.9.1/nrfxlib/crypto/nrf_cc310_bl/lib/cortex-m4/hard-float/no-interrupts/libnrf_cc310_bl_0.9.12.a(nrf_cc310_bl_ecdsa_verify_secp256r1.c.obj)
                0x00000000000049c4                nrf_cc310_bl_ecdsa_verify_init_secp256r1
 .text.nrf_cc310_bl_ecdsa_verify_hash_secp256r1
                0x0000000000004a10      0x168 /home/luka/ncs/v2.9.1/nrfxlib/crypto/nrf_cc310_bl/lib/cortex-m4/hard-float/no-interrupts/libnrf_cc310_bl_0.9.12.a(nrf_cc310_bl_ecdsa_verify_secp256r1.c.obj)
                0x0000000000004a10                nrf_cc310_bl_ecdsa_verify_hash_secp256r1
 .text.set_digest_in_hw_sha256
                0x0000000000004b78       0x38 /home/luka/ncs/v2.9.1/nrfxlib/crypto/nrf_cc310_bl/lib/cortex-m4/hard-float/no-interrupts/libnrf_cc310_bl_0.9.12.a(nrf_cc310_bl_hash_sha256.c.obj)
 .text.read_digest_in_hw_sha256
                0x0000000000004bb0       0x54 /home/luka/ncs/v2.9.1/nrfxlib/crypto/nrf_cc310_bl/lib/cortex-m4/hard-float/no-interrupts/libnrf_cc310_bl_0.9.12.a(nrf_cc310_bl_hash_sha256.c.obj)
 .text.verify_context_hash_sha256
                0x0000000000004c04       0x20 /home/luka/ncs/v2.9.1/nrfxlib/crypto/nrf_cc310_bl/lib/cortex-m4/hard-float/no-interrupts/libnrf_cc310_bl_0.9.12.a(nrf_cc310_bl_hash_sha256.c.obj)
 .text.nrf_cc310_bl_hash_sha256_init
                0x0000000000004c24       0x34 /home/luka/ncs/v2.9.1/nrfxlib/crypto/nrf_cc310_bl/lib/cortex-m4/hard-float/no-interrupts/libnrf_cc310_bl_0.9.12.a(nrf_cc310_bl_hash_sha256.c.obj)
                0x0000000000004c24                nrf_cc310_bl_hash_sha256_init
 .text.nrf_cc310_bl_hash_sha256_update
                0x0000000000004c58       0xb0 /home/luka/ncs/v2.9.1/nrfxlib/crypto/nrf_cc310_bl/lib/cortex-m4/hard-float/no-interrupts/libnrf_cc310_bl_0.9.12.a(nrf_cc310_bl_hash_sha256.c.obj)
                0x0000000000004c58                nrf_cc310_bl_hash_sha256_update
 .text.nrf_cc310_bl_hash_sha256_finalize
                0x0000000000004d08       0x60 /home/luka/ncs/v2.9.1/nrfxlib/crypto/nrf_cc310_bl/lib/cortex-m4/hard-float/no-interrupts/libnrf_cc310_bl_0.9.12.a(nrf_cc310_bl_hash_sha256.c.obj)
                0x0000000000004d08                nrf_cc310_bl_hash_sha256_finalize
 .text.nrf_cc310_bl_init
                0x0000000000004d68       0x34 /home/luka/ncs/v2.9.1/nrfxlib/crypto/nrf_cc310_bl/lib/cortex-m4/hard-float/no-interrupts/libnrf_cc310_bl_0.9.12.a(nrf_cc310_bl_init.c.obj)
                0x0000000000004d68                nrf_cc310_bl_init
 .text.PkaSetRegsMapTab
                0x0000000000004d9c       0x48 /home/luka/ncs/v2.9.1/nrfxlib/crypto/nrf_cc310_bl/lib/cortex-m4/hard-float/no-interrupts/libnrf_cc310_bl_0.9.12.a(pka.c.obj)
                0x0000000000004d9c                PkaSetRegsMapTab
 .text.PkaGetRegEffectiveSizeInBits
                0x0000000000004de4       0x8c /home/luka/ncs/v2.9.1/nrfxlib/crypto/nrf_cc310_bl/lib/cortex-m4/hard-float/no-interrupts/libnrf_cc310_bl_0.9.12.a(pka.c.obj)
                0x0000000000004de4                PkaGetRegEffectiveSizeInBits
 .text.PkaGetNextMsBit
                0x0000000000004e70       0x74 /home/luka/ncs/v2.9.1/nrfxlib/crypto/nrf_cc310_bl/lib/cortex-m4/hard-float/no-interrupts/libnrf_cc310_bl_0.9.12.a(pka.c.obj)
                0x0000000000004e70                PkaGetNextMsBit
 .text.PkaSetRegsSizesTab
                0x0000000000004ee4       0x3c /home/luka/ncs/v2.9.1/nrfxlib/crypto/nrf_cc310_bl/lib/cortex-m4/hard-float/no-interrupts/libnrf_cc310_bl_0.9.12.a(pka.c.obj)
                0x0000000000004ee4                PkaSetRegsSizesTab
 .text.PkaInitPka
                0x0000000000004f20       0x74 /home/luka/ncs/v2.9.1/nrfxlib/crypto/nrf_cc310_bl/lib/cortex-m4/hard-float/no-interrupts/libnrf_cc310_bl_0.9.12.a(pka.c.obj)
                0x0000000000004f20                PkaInitPka
 .text.PkaClearBlockOfRegs
                0x0000000000004f94      0x130 /home/luka/ncs/v2.9.1/nrfxlib/crypto/nrf_cc310_bl/lib/cortex-m4/hard-float/no-interrupts/libnrf_cc310_bl_0.9.12.a(pka.c.obj)
                0x0000000000004f94                PkaClearBlockOfRegs
 .text.PkaFinishAndMutexUnlock
                0x00000000000050c4       0x24 /home/luka/ncs/v2.9.1/nrfxlib/crypto/nrf_cc310_bl/lib/cortex-m4/hard-float/no-interrupts/libnrf_cc310_bl_0.9.12.a(pka.c.obj)
                0x00000000000050c4                PkaFinishAndMutexUnlock
 .text.PkaCopyDataIntoPkaReg
                0x00000000000050e8       0xb8 /home/luka/ncs/v2.9.1/nrfxlib/crypto/nrf_cc310_bl/lib/cortex-m4/hard-float/no-interrupts/libnrf_cc310_bl_0.9.12.a(pka.c.obj)
                0x00000000000050e8                PkaCopyDataIntoPkaReg
 .text.PkaEcdsaVerify
                0x00000000000051a0      0x284 /home/luka/ncs/v2.9.1/nrfxlib/crypto/nrf_cc310_bl/lib/cortex-m4/hard-float/no-interrupts/libnrf_cc310_bl_0.9.12.a(pka_ec_wrst_dsa_verify.c.obj)
                0x00000000000051a0                PkaEcdsaVerify
 .text.nrf_cc310_bl_hash_update_internal
                0x0000000000005424       0xf0 /home/luka/ncs/v2.9.1/nrfxlib/crypto/nrf_cc310_bl/lib/cortex-m4/hard-float/no-interrupts/libnrf_cc310_bl_0.9.12.a(nrf_cc310_bl_hash.c.obj)
                0x0000000000005424                nrf_cc310_bl_hash_update_internal
 .text.PkaDoubleMdf2Mdf
                0x0000000000005514      0x1ac /home/luka/ncs/v2.9.1/nrfxlib/crypto/nrf_cc310_bl/lib/cortex-m4/hard-float/no-interrupts/libnrf_cc310_bl_0.9.12.a(pka_ec_wrst.c.obj)
                0x0000000000005514                PkaDoubleMdf2Mdf
 .text.PkaDoubleMdf2Jcb
                0x00000000000056c0      0x178 /home/luka/ncs/v2.9.1/nrfxlib/crypto/nrf_cc310_bl/lib/cortex-m4/hard-float/no-interrupts/libnrf_cc310_bl_0.9.12.a(pka_ec_wrst.c.obj)
                0x00000000000056c0                PkaDoubleMdf2Jcb
 .text.PkaAddJcbAfn2Mdf
                0x0000000000005838      0x194 /home/luka/ncs/v2.9.1/nrfxlib/crypto/nrf_cc310_bl/lib/cortex-m4/hard-float/no-interrupts/libnrf_cc310_bl_0.9.12.a(pka_ec_wrst.c.obj)
                0x0000000000005838                PkaAddJcbAfn2Mdf
 .text.PkaJcb2Afn
                0x00000000000059cc       0xb0 /home/luka/ncs/v2.9.1/nrfxlib/crypto/nrf_cc310_bl/lib/cortex-m4/hard-float/no-interrupts/libnrf_cc310_bl_0.9.12.a(pka_ec_wrst.c.obj)
                0x00000000000059cc                PkaJcb2Afn
 .text.PkaAddAff
                0x0000000000005a7c      0x114 /home/luka/ncs/v2.9.1/nrfxlib/crypto/nrf_cc310_bl/lib/cortex-m4/hard-float/no-interrupts/libnrf_cc310_bl_0.9.12.a(pka_ec_wrst.c.obj)
                0x0000000000005a7c                PkaAddAff
 .text.PkaSum2ScalarMullt
                0x0000000000005b90      0x1e4 /home/luka/ncs/v2.9.1/nrfxlib/crypto/nrf_cc310_bl/lib/cortex-m4/hard-float/no-interrupts/libnrf_cc310_bl_0.9.12.a(pka_ec_wrst.c.obj)
                0x0000000000005b90                PkaSum2ScalarMullt
 .text.SaSi_HalClearInterruptBit
                0x0000000000005d74        0xc /home/luka/ncs/v2.9.1/nrfxlib/crypto/nrf_cc310_bl/lib/cortex-m4/hard-float/no-interrupts/libnrf_cc310_bl_0.9.12.a(ssi_hal.c.obj)
                0x0000000000005d74                SaSi_HalClearInterruptBit
 .text.SaSi_HalMaskInterrupt
                0x0000000000005d80        0xc /home/luka/ncs/v2.9.1/nrfxlib/crypto/nrf_cc310_bl/lib/cortex-m4/hard-float/no-interrupts/libnrf_cc310_bl_0.9.12.a(ssi_hal.c.obj)
                0x0000000000005d80                SaSi_HalMaskInterrupt
 .text.SaSi_HalWaitInterrupt
                0x0000000000005d8c       0x18 /home/luka/ncs/v2.9.1/nrfxlib/crypto/nrf_cc310_bl/lib/cortex-m4/hard-float/no-interrupts/libnrf_cc310_bl_0.9.12.a(ssi_hal.c.obj)
                0x0000000000005d8c                SaSi_HalWaitInterrupt
 .text._OffsetAbsSyms
                0x0000000000005da4        0x2 zephyr/CMakeFiles/offsets.dir/./arch/arm/core/offsets/offsets.c.obj
                0x0000000000005da4                _OffsetAbsSyms
 .text.flash_area_get_device_id
                0x0000000000005da6        0x4 app/libapp.a(flash_map_extended.c.obj)
                0x0000000000005da6                flash_area_get_device_id
 .text.flash_area_get_sector
                0x0000000000005daa       0x32 app/libapp.a(flash_map_extended.c.obj)
                0x0000000000005daa                flash_area_get_sector
 .text.os_heap_init
                0x0000000000005ddc        0x2 app/libapp.a(os.c.obj)
                0x0000000000005ddc                os_heap_init
 .text.bootutil_tlv_iter_begin
                0x0000000000005dde       0x9c app/libapp.a(tlv.c.obj)
                0x0000000000005dde                bootutil_tlv_iter_begin
 .text.bootutil_tlv_iter_next
                0x0000000000005e7a       0x98 app/libapp.a(tlv.c.obj)
                0x0000000000005e7a                bootutil_tlv_iter_next
 .text.bootutil_tlv_iter_is_prot
                0x0000000000005f12       0x1c app/libapp.a(tlv.c.obj)
                0x0000000000005f12                bootutil_tlv_iter_is_prot
 .text.bootutil_read_bigint
                0x0000000000005f2e       0x58 app/libapp.a(image_ecdsa.c.obj)
 .text.boot_fih_memequal
                0x0000000000005f86        0x4 app/libapp.a(bootutil_misc.c.obj)
                0x0000000000005f86                boot_fih_memequal
 .text.boot_trailer_sz
                0x0000000000005f8a        0xa app/libapp.a(bootutil_misc.c.obj)
                0x0000000000005f8a                boot_trailer_sz
 .text.boot_status_off
                0x0000000000005f94       0x16 app/libapp.a(bootutil_misc.c.obj)
                0x0000000000005f94                boot_status_off
 .text.boot_read_swap_size
                0x0000000000005faa       0x1c app/libapp.a(bootutil_misc.c.obj)
                0x0000000000005faa                boot_read_swap_size
 .text.boot_write_swap_size
                0x0000000000005fc6       0x1e app/libapp.a(bootutil_misc.c.obj)
                0x0000000000005fc6                boot_write_swap_size
 .text.boot_read_image_headers
                0x0000000000005fe4       0x2c app/libapp.a(loader.c.obj)
 .text.boot_read_image_size.constprop.0.isra.0
                0x0000000000006010       0x82 app/libapp.a(loader.c.obj)
 .text.boot_read_sectors
                0x0000000000006092       0x42 app/libapp.a(loader.c.obj)
 .text.boot_status_reset
                0x00000000000060d4       0x12 app/libapp.a(loader.c.obj)
                0x00000000000060d4                boot_status_reset
 .text.boot_status_is_reset
                0x00000000000060e6       0x1a app/libapp.a(loader.c.obj)
                0x00000000000060e6                boot_status_is_reset
 .text.boot_write_status
                0x0000000000006100       0x64 app/libapp.a(loader.c.obj)
                0x0000000000006100                boot_write_status
 .text.boot_erase_region
                0x0000000000006164        0x4 app/libapp.a(loader.c.obj)
                0x0000000000006164                boot_erase_region
 .text.swap_erase_trailer_sectors
                0x0000000000006168       0x6c app/libapp.a(swap_misc.c.obj)
                0x0000000000006168                swap_erase_trailer_sectors
 .text.swap_status_init
                0x00000000000061d4       0x3e app/libapp.a(swap_misc.c.obj)
                0x00000000000061d4                swap_status_init
 .text.swap_read_status
                0x0000000000006212       0x78 app/libapp.a(swap_misc.c.obj)
                0x0000000000006212                swap_read_status
 .text.app_max_sectors
                0x000000000000628a       0x22 app/libapp.a(swap_move.c.obj)
 .text.find_last_idx
                0x00000000000062ac       0x14 app/libapp.a(swap_move.c.obj)
                0x00000000000062ac                find_last_idx
 .text.boot_status_internal_off
                0x00000000000062c0       0x26 app/libapp.a(swap_move.c.obj)
                0x00000000000062c0                boot_status_internal_off
 .text.mbedtls_asn1_get_len
                0x00000000000062e6       0x98 app/libapp.a(asn1parse.c.obj)
                0x00000000000062e6                mbedtls_asn1_get_len
 .text.mbedtls_asn1_get_tag
                0x000000000000637e       0x28 app/libapp.a(asn1parse.c.obj)
                0x000000000000637e                mbedtls_asn1_get_tag
 .text.mbedtls_asn1_get_bitstring_null
                0x00000000000063a6       0x28 app/libapp.a(asn1parse.c.obj)
                0x00000000000063a6                mbedtls_asn1_get_bitstring_null
 .text.mbedtls_asn1_get_alg
                0x00000000000063ce       0x94 app/libapp.a(asn1parse.c.obj)
                0x00000000000063ce                mbedtls_asn1_get_alg
 .text.cc310_sha256_update
                0x0000000000006462       0x36 app/libapp.a(cc310_glue.c.obj)
                0x0000000000006462                cc310_sha256_update
 .text.arch_printk_char_out
                0x0000000000006498        0x4 zephyr/libzephyr.a(printk.c.obj)
                0x0000000000006498                arch_printk_char_out
 .text.printk   0x000000000000649c       0x1a zephyr/libzephyr.a(printk.c.obj)
                0x000000000000649c                printk
 .text.process_recheck
                0x00000000000064b6       0x38 zephyr/libzephyr.a(onoff.c.obj)
 .text.validate_args
                0x00000000000064ee       0x20 zephyr/libzephyr.a(onoff.c.obj)
 .text.notify_one
                0x000000000000650e       0x2c zephyr/libzephyr.a(onoff.c.obj)
 .text.transition_complete
                0x000000000000653a       0x1c zephyr/libzephyr.a(onoff.c.obj)
 .text.onoff_manager_init
                0x0000000000006556       0x26 zephyr/libzephyr.a(onoff.c.obj)
                0x0000000000006556                onoff_manager_init
 .text.onoff_request
                0x000000000000657c       0xae zephyr/libzephyr.a(onoff.c.obj)
                0x000000000000657c                onoff_request
 .text.sys_notify_validate
                0x000000000000662a       0x22 zephyr/libzephyr.a(notify.c.obj)
                0x000000000000662a                sys_notify_validate
 .text.sys_notify_finalize
                0x000000000000664c       0x1a zephyr/libzephyr.a(notify.c.obj)
                0x000000000000664c                sys_notify_finalize
 .text._ConfigAbsSyms
                0x0000000000006666        0x2 zephyr/libzephyr.a(configs.c.obj)
                0x0000000000006666                _ConfigAbsSyms
 .text.z_log_minimal_printk
                0x0000000000006668       0x1a zephyr/libzephyr.a(log_minimal.c.obj)
                0x0000000000006668                z_log_minimal_printk
 .text.flash_area_close
                0x0000000000006682        0x2 zephyr/libzephyr.a(flash_map.c.obj)
                0x0000000000006682                flash_area_close
 .text.flash_area_read
                0x0000000000006684       0x2a zephyr/libzephyr.a(flash_map.c.obj)
                0x0000000000006684                flash_area_read
 .text.flash_area_write
                0x00000000000066ae       0x2a zephyr/libzephyr.a(flash_map.c.obj)
                0x00000000000066ae                flash_area_write
 .text.flash_area_erase
                0x00000000000066d8       0x34 zephyr/libzephyr.a(flash_map.c.obj)
                0x00000000000066d8                flash_area_erase
 .text.flash_area_align
                0x000000000000670c        0xe zephyr/libzephyr.a(flash_map.c.obj)
                0x000000000000670c                flash_area_align
 .text.flash_area_erased_val
                0x000000000000671a        0xe zephyr/libzephyr.a(flash_map.c.obj)
                0x000000000000671a                flash_area_erased_val
 .text.get_sectors_cb
                0x0000000000006728       0x44 zephyr/libzephyr.a(flash_map_layout.c.obj)
 .text.abort_function
                0x000000000000676c        0x2 zephyr/libzephyr.a(nrf_cc3xx_platform_abort_zephyr.c.obj)
 .text.nrf_cc3xx_platform_mutex_init
                0x000000000000676e        0x2 zephyr/libzephyr.a(nrf_cc3xx_platform_no_mutex_zephyr.c.obj)
                0x000000000000676e                nrf_cc3xx_platform_mutex_init
 .text.z_arm_fatal_error
                0x0000000000006770        0xc zephyr/arch/arch/arm/core/libarch__arm__core.a(fatal.c.obj)
                0x0000000000006770                z_arm_fatal_error
 .text.z_do_kernel_oops
                0x000000000000677c        0x8 zephyr/arch/arch/arm/core/libarch__arm__core.a(fatal.c.obj)
                0x000000000000677c                z_do_kernel_oops
 .text.z_arm_nmi
                0x0000000000006784        0xe zephyr/arch/arch/arm/core/libarch__arm__core.a(nmi.c.obj)
                0x0000000000006784                z_arm_nmi
 .text._HandlerModeExit
                0x0000000000006792        0x2 zephyr/arch/arch/arm/core/cortex_m/libarch__arm__core__cortex_m.a(exc_exit.c.obj)
                0x0000000000006792                z_arm_exc_exit
                0x0000000000006792                z_arm_int_exit
 .text.z_irq_spurious
                0x0000000000006794        0x8 zephyr/arch/arch/arm/core/cortex_m/libarch__arm__core__cortex_m.a(irq_manage.c.obj)
                0x0000000000006794                z_irq_spurious
 .text.arch_irq_unlock_outlined
                0x000000000000679c        0xe zephyr/arch/arch/arm/core/cortex_m/libarch__arm__core__cortex_m.a(thread.c.obj)
                0x000000000000679c                arch_irq_unlock_outlined
 .text.arch_irq_lock_outlined
                0x00000000000067aa       0x10 zephyr/arch/arch/arm/core/cortex_m/libarch__arm__core__cortex_m.a(thread.c.obj)
                0x00000000000067aa                arch_irq_lock_outlined
 .text.arch_cpu_atomic_idle
                0x00000000000067ba       0x1e zephyr/arch/arch/arm/core/cortex_m/libarch__arm__core__cortex_m.a(cpu_idle.c.obj)
                0x00000000000067ba                arch_cpu_atomic_idle
 .text.size_to_mpu_rasr_size
                0x00000000000067d8       0x20 zephyr/arch/arch/arm/core/mpu/libarch__arm__core__mpu.a(arm_mpu.c.obj)
 .text.strlen   0x00000000000067f8        0xe zephyr/lib/libc/minimal/liblib__libc__minimal.a(string.c.obj)
                0x00000000000067f8                strlen
 .text.memcmp   0x0000000000006806       0x20 zephyr/lib/libc/minimal/liblib__libc__minimal.a(string.c.obj)
                0x0000000000006806                memcmp
 .text.memcpy   0x0000000000006826       0x16 zephyr/lib/libc/minimal/liblib__libc__minimal.a(string.c.obj)
                0x0000000000006826                memcpy
 .text.memset   0x000000000000683c       0x12 zephyr/lib/libc/minimal/liblib__libc__minimal.a(string.c.obj)
                0x000000000000683c                memset
 .text._stdout_hook_default
                0x000000000000684e        0x6 zephyr/lib/libc/minimal/liblib__libc__minimal.a(stdout_console.c.obj)
 .text.get_status
                0x0000000000006854       0x12 zephyr/drivers/clock_control/libdrivers__clock_control.a(clock_control_nrf.c.obj)
 .text.stop     0x0000000000006866       0x50 zephyr/drivers/clock_control/libdrivers__clock_control.a(clock_control_nrf.c.obj)
 .text.api_stop
                0x00000000000068b6        0x6 zephyr/drivers/clock_control/libdrivers__clock_control.a(clock_control_nrf.c.obj)
 .text.async_start
                0x00000000000068bc       0x5a zephyr/drivers/clock_control/libdrivers__clock_control.a(clock_control_nrf.c.obj)
 .text.api_start
                0x0000000000006916        0xe zephyr/drivers/clock_control/libdrivers__clock_control.a(clock_control_nrf.c.obj)
 .text.api_blocking_start
                0x0000000000006924        0x6 zephyr/drivers/clock_control/libdrivers__clock_control.a(clock_control_nrf.c.obj)
 .text.onoff_started_callback
                0x000000000000692a       0x14 zephyr/drivers/clock_control/libdrivers__clock_control.a(clock_control_nrf.c.obj)
 .text.lfclk_start
                0x000000000000693e        0x6 zephyr/drivers/clock_control/libdrivers__clock_control.a(clock_control_nrf.c.obj)
 .text.lfclk_stop
                0x0000000000006944        0x6 zephyr/drivers/clock_control/libdrivers__clock_control.a(clock_control_nrf.c.obj)
 .text.is_regular_addr_valid
                0x000000000000694a       0x22 zephyr/drivers/flash/libdrivers__flash.a(soc_flash_nrf.c.obj)
 .text.flash_nrf_read
                0x000000000000696c       0x28 zephyr/drivers/flash/libdrivers__flash.a(soc_flash_nrf.c.obj)
 .text.flash_get_page_info
                0x0000000000006994       0x66 zephyr/drivers/flash/libdrivers__flash.a(flash_page_layout.c.obj)
 .text.z_impl_flash_get_page_info_by_offs
                0x00000000000069fa        0x8 zephyr/drivers/flash/libdrivers__flash.a(flash_page_layout.c.obj)
                0x00000000000069fa                z_impl_flash_get_page_info_by_offs
 .text.flash_page_foreach
                0x0000000000006a02       0x58 zephyr/drivers/flash/libdrivers__flash.a(flash_page_layout.c.obj)
                0x0000000000006a02                flash_page_foreach
 .text.gpio_nrfx_port_get_raw
                0x0000000000006a5a        0xe zephyr/drivers/gpio/libdrivers__gpio.a(gpio_nrfx.c.obj)
 .text.gpio_nrfx_port_set_masked_raw
                0x0000000000006a68       0x18 zephyr/drivers/gpio/libdrivers__gpio.a(gpio_nrfx.c.obj)
 .text.gpio_nrfx_port_set_bits_raw
                0x0000000000006a80        0xc zephyr/drivers/gpio/libdrivers__gpio.a(gpio_nrfx.c.obj)
 .text.gpio_nrfx_port_clear_bits_raw
                0x0000000000006a8c        0xc zephyr/drivers/gpio/libdrivers__gpio.a(gpio_nrfx.c.obj)
 .text.gpio_nrfx_port_toggle_bits
                0x0000000000006a98       0x1a zephyr/drivers/gpio/libdrivers__gpio.a(gpio_nrfx.c.obj)
 .text.gpio_nrfx_manage_callback
                0x0000000000006ab2       0x52 zephyr/drivers/gpio/libdrivers__gpio.a(gpio_nrfx.c.obj)
 .text.pinctrl_lookup_state
                0x0000000000006b04       0x26 zephyr/drivers/pinctrl/libdrivers__pinctrl.a(common.c.obj)
                0x0000000000006b04                pinctrl_lookup_state
 .text.uarte_nrfx_err_check
                0x0000000000006b2a        0xe zephyr/drivers/serial/libdrivers__serial.a(uart_nrfx_uarte.c.obj)
 .text.uarte_nrfx_poll_in
                0x0000000000006b38       0x26 zephyr/drivers/serial/libdrivers__serial.a(uart_nrfx_uarte.c.obj)
 .text.is_tx_ready.isra.0
                0x0000000000006b5e       0x20 zephyr/drivers/serial/libdrivers__serial.a(uart_nrfx_uarte.c.obj)
 .text.uarte_nrfx_isr_int
                0x0000000000006b7e       0x42 zephyr/drivers/serial/libdrivers__serial.a(uart_nrfx_uarte.c.obj)
 .text.event_clear
                0x0000000000006bc0       0x18 zephyr/drivers/timer/libdrivers__timer.a(nrf_rtc_timer.c.obj)
 .text.fprotect_set_permission
                0x0000000000006bd8       0x7e modules/nrf/lib/fprotect/lib..__nrf__lib__fprotect.a(fprotect_acl.c.obj)
 .text.fprotect_area
                0x0000000000006c56        0x6 modules/nrf/lib/fprotect/lib..__nrf__lib__fprotect.a(fprotect_acl.c.obj)
                0x0000000000006c56                fprotect_area
 .text.hw_cc3xx_init_internal
                0x0000000000006c5c        0x4 modules/nrf/drivers/hw_cc3xx/lib..__nrf__drivers__hw_cc3xx.a(hw_cc3xx.c.obj)
 .text.hw_cc3xx_init
                0x0000000000006c60       0x12 modules/nrf/drivers/hw_cc3xx/lib..__nrf__drivers__hw_cc3xx.a(hw_cc3xx.c.obj)
 .text.boot_swap_info_off
                0x0000000000006c72        0xc modules/mcuboot/boot/bootutil/zephyr/libmcuboot_util.a(bootutil_public.c.obj)
                0x0000000000006c72                boot_swap_info_off
 .text.boot_magic_compatible_check
                0x0000000000006c7e       0x1c modules/mcuboot/boot/bootutil/zephyr/libmcuboot_util.a(bootutil_public.c.obj)
                0x0000000000006c7e                boot_magic_compatible_check
 .text.bootutil_buffer_is_erased
                0x0000000000006c9a       0x26 modules/mcuboot/boot/bootutil/zephyr/libmcuboot_util.a(bootutil_public.c.obj)
                0x0000000000006c9a                bootutil_buffer_is_erased
 .text.boot_read_flag
                0x0000000000006cc0       0x38 modules/mcuboot/boot/bootutil/zephyr/libmcuboot_util.a(bootutil_public.c.obj)
 .text.boot_write_trailer
                0x0000000000006cf8       0x58 modules/mcuboot/boot/bootutil/zephyr/libmcuboot_util.a(bootutil_public.c.obj)
                0x0000000000006cf8                boot_write_trailer
 .text.boot_write_trailer_flag
                0x0000000000006d50       0x14 modules/mcuboot/boot/bootutil/zephyr/libmcuboot_util.a(bootutil_public.c.obj)
                0x0000000000006d50                boot_write_trailer_flag
 .text.boot_write_image_ok
                0x0000000000006d64        0xe modules/mcuboot/boot/bootutil/zephyr/libmcuboot_util.a(bootutil_public.c.obj)
                0x0000000000006d64                boot_write_image_ok
 .text.boot_read_image_ok
                0x0000000000006d72        0xc modules/mcuboot/boot/bootutil/zephyr/libmcuboot_util.a(bootutil_public.c.obj)
                0x0000000000006d72                boot_read_image_ok
 .text.boot_read_swap_state_by_id
                0x0000000000006d7e       0x28 modules/mcuboot/boot/bootutil/zephyr/libmcuboot_util.a(bootutil_public.c.obj)
                0x0000000000006d7e                boot_read_swap_state_by_id
 .text.boot_write_swap_info
                0x0000000000006da6       0x22 modules/mcuboot/boot/bootutil/zephyr/libmcuboot_util.a(bootutil_public.c.obj)
                0x0000000000006da6                boot_write_swap_info
 .text.boot_write_copy_done
                0x0000000000006dc8       0x10 modules/mcuboot/boot/bootutil/zephyr/libmcuboot_util.a(bootutil_public.c.obj)
                0x0000000000006dc8                boot_write_copy_done
 .text.nrfx_isr
                0x0000000000006dd8        0x2 modules/hal_nordic/nrfx/libmodules__hal_nordic__nrfx.a(nrfx_glue.c.obj)
                0x0000000000006dd8                nrfx_isr
 .text.nrfx_busy_wait
                0x0000000000006dda        0x4 modules/hal_nordic/nrfx/libmodules__hal_nordic__nrfx.a(nrfx_glue.c.obj)
                0x0000000000006dda                nrfx_busy_wait
 .text.nrfx_gppi_channel_endpoints_setup
                0x0000000000006dde       0x14 modules/hal_nordic/nrfx/libmodules__hal_nordic__nrfx.a(nrfx_gppi_ppi.c.obj)
                0x0000000000006dde                nrfx_gppi_channel_endpoints_setup
 .text.nrfx_gppi_channel_alloc
                0x0000000000006df2        0x4 modules/hal_nordic/nrfx/libmodules__hal_nordic__nrfx.a(nrfx_gppi_ppi.c.obj)
                0x0000000000006df2                nrfx_gppi_channel_alloc
 .text.nrfx_clock_stop
                0x0000000000006df6        0x4 modules/hal_nordic/nrfx/libmodules__hal_nordic__nrfx.a(nrfx_clock.c.obj)
                0x0000000000006df6                nrfx_clock_stop
 .text.nrf_gpio_reconfigure
                0x0000000000006dfa       0x92 modules/hal_nordic/nrfx/libmodules__hal_nordic__nrfx.a(nrfx_gpiote.c.obj)
 .text.nrf_gpio_cfg_sense_set
                0x0000000000006e8c       0x1e modules/hal_nordic/nrfx/libmodules__hal_nordic__nrfx.a(nrfx_gpiote.c.obj)
 .text.pin_trigger_disable
                0x0000000000006eaa       0x48 modules/hal_nordic/nrfx/libmodules__hal_nordic__nrfx.a(nrfx_gpiote.c.obj)
 .text.nrfx_gpiote_pin_uninit
                0x0000000000006ef2        0x4 modules/hal_nordic/nrfx/libmodules__hal_nordic__nrfx.a(nrfx_gpiote.c.obj)
                0x0000000000006ef2                nrfx_gpiote_pin_uninit
 .text.nrfx_gpiote_trigger_disable
                0x0000000000006ef6        0x4 modules/hal_nordic/nrfx/libmodules__hal_nordic__nrfx.a(nrfx_gpiote.c.obj)
                0x0000000000006ef6                nrfx_gpiote_trigger_disable
 .text.nrfx_nvmc_flash_size_get
                0x0000000000006efa        0xc modules/hal_nordic/nrfx/libmodules__hal_nordic__nrfx.a(nrfx_nvmc.c.obj)
                0x0000000000006efa                nrfx_nvmc_flash_size_get
 .text.nrfx_nvmc_flash_page_size_get
                0x0000000000006f06        0x8 modules/hal_nordic/nrfx/libmodules__hal_nordic__nrfx.a(nrfx_nvmc.c.obj)
                0x0000000000006f06                nrfx_nvmc_flash_page_size_get
 .text.nrfx_nvmc_flash_page_count_get
                0x0000000000006f0e        0x8 modules/hal_nordic/nrfx/libmodules__hal_nordic__nrfx.a(nrfx_nvmc.c.obj)
                0x0000000000006f0e                nrfx_nvmc_flash_page_count_get
 .text.SEGGER_RTT_Init
                0x0000000000006f16        0x4 modules/segger/libmodules__segger.a(SEGGER_RTT.c.obj)
                0x0000000000006f16                SEGGER_RTT_Init
 .text.rtt_init
                0x0000000000006f1a        0xa modules/segger/libmodules__segger.a(SEGGER_RTT_zephyr.c.obj)
 .text.z_impl_k_busy_wait
                0x0000000000006f24        0x8 zephyr/kernel/libkernel.a(busy_wait.c.obj)
                0x0000000000006f24                z_impl_k_busy_wait
 .text.z_device_state_init
                0x0000000000006f2c        0x2 zephyr/kernel/libkernel.a(device.c.obj)
                0x0000000000006f2c                z_device_state_init
 .text.z_impl_device_is_ready
                0x0000000000006f2e       0x16 zephyr/kernel/libkernel.a(device.c.obj)
                0x0000000000006f2e                z_impl_device_is_ready
 .text.arch_system_halt
                0x0000000000006f44       0x10 zephyr/kernel/libkernel.a(fatal.c.obj)
                0x0000000000006f44                arch_system_halt
 .text.k_sys_fatal_error_handler
                0x0000000000006f54        0x6 zephyr/kernel/libkernel.a(fatal.c.obj)
                0x0000000000006f54                k_sys_fatal_error_handler
 .text.z_fatal_error
                0x0000000000006f5a       0x1e zephyr/kernel/libkernel.a(fatal.c.obj)
                0x0000000000006f5a                z_fatal_error
 .text.do_device_init
                0x0000000000006f78       0x30 zephyr/kernel/libkernel.a(init.c.obj)
 .text.z_early_memset
                0x0000000000006fa8        0x4 zephyr/kernel/libkernel.a(init.c.obj)
                0x0000000000006fa8                z_early_memset
 .text.z_early_memcpy
                0x0000000000006fac        0x4 zephyr/kernel/libkernel.a(init.c.obj)
                0x0000000000006fac                z_early_memcpy
 .text.z_init_static
                0x0000000000006fb0        0x2 zephyr/kernel/libkernel.a(init_static.c.obj)
                0x0000000000006fb0                z_init_static
 .text.k_is_in_isr
                0x0000000000006fb2        0xc zephyr/kernel/libkernel.a(nothread.c.obj)
                0x0000000000006fb2                k_is_in_isr
 .text.nrf_cc310_bl_ecdsa_verify_secp256r1
                0x0000000000006fbe       0x26 /home/luka/ncs/v2.9.1/nrfxlib/crypto/nrf_cc310_bl/lib/cortex-m4/hard-float/no-interrupts/libnrf_cc310_bl_0.9.12.a(nrf_cc310_bl_ecdsa_verify_secp256r1.c.obj)
                0x0000000000006fbe                nrf_cc310_bl_ecdsa_verify_secp256r1
 .text.PkaInitAndMutexLock
                0x0000000000006fe4        0x8 /home/luka/ncs/v2.9.1/nrfxlib/crypto/nrf_cc310_bl/lib/cortex-m4/hard-float/no-interrupts/libnrf_cc310_bl_0.9.12.a(pka.c.obj)
                0x0000000000006fe4                PkaInitAndMutexLock
 .text.SaSi_PalMemCopy
                0x0000000000006fec        0x4 /home/luka/ncs/v2.9.1/nrfxlib/crypto/nrf_cc310_bl/lib/cortex-m4/hard-float/no-interrupts/libnrf_cc310_bl_0.9.12.a(ssi_pal_mem.c.obj)
                0x0000000000006fec                SaSi_PalMemCopy
 .text.SaSi_PalMemSet
                0x0000000000006ff0        0x4 /home/luka/ncs/v2.9.1/nrfxlib/crypto/nrf_cc310_bl/lib/cortex-m4/hard-float/no-interrupts/libnrf_cc310_bl_0.9.12.a(ssi_pal_mem.c.obj)
                0x0000000000006ff0                SaSi_PalMemSet
 .text.SaSi_PalMemSetZero
                0x0000000000006ff4        0x8 /home/luka/ncs/v2.9.1/nrfxlib/crypto/nrf_cc310_bl/lib/cortex-m4/hard-float/no-interrupts/libnrf_cc310_bl_0.9.12.a(ssi_pal_mem.c.obj)
                0x0000000000006ff4                SaSi_PalMemSetZero
 .text.CRYS_COMMON_ReverseMemcpy32
                0x0000000000006ffc       0x1a /home/luka/ncs/v2.9.1/nrfxlib/crypto/nrf_cc310_bl/lib/cortex-m4/hard-float/no-interrupts/libnrf_cc310_bl_0.9.12.a(crys_common_conv_endian.c.obj)
                0x0000000000006ffc                CRYS_COMMON_ReverseMemcpy32
 *(SORT_BY_ALIGNMENT(.TEXT.*))
 *(SORT_BY_ALIGNMENT(.gnu.linkonce.t.*))
 *(SORT_BY_ALIGNMENT(.glue_7t))
 .glue_7t       0x0000000000007016        0x0 linker stubs
 *(SORT_BY_ALIGNMENT(.glue_7))
 .glue_7        0x0000000000007016        0x0 linker stubs
 *(SORT_BY_ALIGNMENT(.vfp11_veneer))
 .vfp11_veneer  0x0000000000007016        0x0 linker stubs
 *(SORT_BY_ALIGNMENT(.v4_bx))
 .v4_bx         0x0000000000007016        0x0 linker stubs
                0x0000000000007018                . = ALIGN (0x4)
 *fill*         0x0000000000007016        0x2 
                0x0000000000007018                __text_region_end = .

.ARM.exidx      0x0000000000007018        0x8
                0x0000000000007018                __exidx_start = .
 *(SORT_BY_ALIGNMENT(.ARM.exidx*) SORT_BY_ALIGNMENT(gnu.linkonce.armexidx.*))
 .ARM.exidx     0x0000000000007018        0x8 /home/luka/ncs/toolchains/b77d8c1312/opt/zephyr-sdk/arm-zephyr-eabi/bin/../lib/gcc/arm-zephyr-eabi/12.2.0/thumb/v7e-m+fp/hard/libgcc.a(_udivmoddi4.o)
                0x0000000000007020                __exidx_end = .
                0x0000000000007020                __rodata_region_start = .

initlevel       0x0000000000007020       0x58
                0x0000000000007020                __init_start = .
                0x0000000000007020                __init_EARLY_start = .
 *(SORT_BY_NAME(SORT_BY_ALIGNMENT(.z_init_EARLY?_*)))
 *(SORT_BY_NAME(SORT_BY_ALIGNMENT(.z_init_EARLY??_*)))
                0x0000000000007020                __init_PRE_KERNEL_1_start = .
 *(SORT_BY_NAME(SORT_BY_ALIGNMENT(.z_init_PRE_KERNEL_1?_*)))
 .z_init_PRE_KERNEL_10_0_
                0x0000000000007020        0x8 zephyr/soc/soc/nrf52840/libsoc__nordic.a(soc.c.obj)
 *(SORT_BY_NAME(SORT_BY_ALIGNMENT(.z_init_PRE_KERNEL_1??_*)))
 .z_init_PRE_KERNEL_130_00075_
                0x0000000000007028        0x8 zephyr/drivers/clock_control/libdrivers__clock_control.a(clock_control_nrf.c.obj)
 .z_init_PRE_KERNEL_130_0_
                0x0000000000007030        0x8 modules/segger/libmodules__segger.a(SEGGER_RTT_zephyr.c.obj)
 .z_init_PRE_KERNEL_140_00011_
                0x0000000000007038        0x8 zephyr/drivers/gpio/libdrivers__gpio.a(gpio_nrfx.c.obj)
 .z_init_PRE_KERNEL_140_00105_
                0x0000000000007040        0x8 zephyr/drivers/gpio/libdrivers__gpio.a(gpio_nrfx.c.obj)
 .z_init_PRE_KERNEL_140_0_
                0x0000000000007048        0x8 modules/nrf/drivers/hw_cc3xx/lib..__nrf__drivers__hw_cc3xx.a(hw_cc3xx.c.obj)
 .z_init_PRE_KERNEL_150_00113_
                0x0000000000007050        0x8 zephyr/drivers/serial/libdrivers__serial.a(uart_nrfx_uarte.c.obj)
 .z_init_PRE_KERNEL_160_0_
                0x0000000000007058        0x8 zephyr/drivers/console/libdrivers__console.a(uart_console.c.obj)
                0x0000000000007060                __init_PRE_KERNEL_2_start = .
 *(SORT_BY_NAME(SORT_BY_ALIGNMENT(.z_init_PRE_KERNEL_2?_*)))
 .z_init_PRE_KERNEL_20_0_
                0x0000000000007060        0x8 zephyr/drivers/timer/libdrivers__timer.a(nrf_rtc_timer.c.obj)
 *(SORT_BY_NAME(SORT_BY_ALIGNMENT(.z_init_PRE_KERNEL_2??_*)))
                0x0000000000007068                __init_POST_KERNEL_start = .
 *(SORT_BY_NAME(SORT_BY_ALIGNMENT(.z_init_POST_KERNEL?_*)))
 *(SORT_BY_NAME(SORT_BY_ALIGNMENT(.z_init_POST_KERNEL??_*)))
 .z_init_POST_KERNEL40_0_
                0x0000000000007068        0x8 modules/nrf/drivers/hw_cc3xx/lib..__nrf__drivers__hw_cc3xx.a(hw_cc3xx.c.obj)
 .z_init_POST_KERNEL50_00118_
                0x0000000000007070        0x8 zephyr/drivers/flash/libdrivers__flash.a(soc_flash_nrf.c.obj)
                0x0000000000007078                __init_APPLICATION_start = .
 *(SORT_BY_NAME(SORT_BY_ALIGNMENT(.z_init_APPLICATION?_*)))
 *(SORT_BY_NAME(SORT_BY_ALIGNMENT(.z_init_APPLICATION??_*)))
                0x0000000000007078                __init_SMP_start = .
 *(SORT_BY_NAME(SORT_BY_ALIGNMENT(.z_init_SMP?_*)))
 *(SORT_BY_NAME(SORT_BY_ALIGNMENT(.z_init_SMP??_*)))
                0x0000000000007078                __init_end = .
                0x0000000000007078                __deferred_init_list_start = .
 *(SORT_BY_ALIGNMENT(.z_deferred_init*))
                0x0000000000007078                __deferred_init_list_end = .

device_area     0x0000000000007078       0x64
                0x0000000000007078                _device_list_start = .
 *(SORT_BY_NAME(SORT_BY_ALIGNMENT(._device.static.*_?_*)))
 *(SORT_BY_NAME(SORT_BY_ALIGNMENT(._device.static.*_??_*)))
 ._device.static.1_30_
                0x0000000000007078       0x14 zephyr/drivers/clock_control/libdrivers__clock_control.a(clock_control_nrf.c.obj)
                0x0000000000007078                __device_dts_ord_75
 ._device.static.1_40_
                0x000000000000708c       0x28 zephyr/drivers/gpio/libdrivers__gpio.a(gpio_nrfx.c.obj)
                0x000000000000708c                __device_dts_ord_105
                0x00000000000070a0                __device_dts_ord_11
 ._device.static.1_50_
                0x00000000000070b4       0x14 zephyr/drivers/serial/libdrivers__serial.a(uart_nrfx_uarte.c.obj)
                0x00000000000070b4                __device_dts_ord_113
 ._device.static.3_50_
                0x00000000000070c8       0x14 zephyr/drivers/flash/libdrivers__flash.a(soc_flash_nrf.c.obj)
                0x00000000000070c8                __device_dts_ord_118
                0x00000000000070dc                _device_list_end = .

sw_isr_table    0x00000000000070dc      0x180
                0x00000000000070dc                . = ALIGN (0x4)
 *(SORT_BY_ALIGNMENT(.gnu.linkonce.sw_isr_table*))
 .gnu.linkonce.sw_isr_table
                0x00000000000070dc      0x180 zephyr/arch/common/libisr_tables.a(isr_tables.c.obj)
                0x00000000000070dc                _sw_isr_table

initlevel_error
                0x0000000000007020        0x0
 *(SORT_BY_NAME(SORT_BY_ALIGNMENT(.z_init_[_A-Z0-9]*)))
                0x0000000000000001                ASSERT ((SIZEOF (initlevel_error) == 0x0), Undefined initialization levels used.)

app_shmem_regions
                0x000000000000725c        0x0
                0x000000000000725c                __app_shmem_regions_start = .
 *(SORT_BY_NAME(SORT_BY_ALIGNMENT(.app_regions.*)))
                0x000000000000725c                __app_shmem_regions_end = .

k_p4wq_initparam_area
                0x000000000000725c        0x0
                0x000000000000725c                _k_p4wq_initparam_list_start = .
 *(SORT_BY_NAME(SORT_BY_ALIGNMENT(._k_p4wq_initparam.static.*)))
                0x000000000000725c                _k_p4wq_initparam_list_end = .

_static_thread_data_area
                0x000000000000725c        0x0
                0x000000000000725c                __static_thread_data_list_start = .
 *(SORT_BY_NAME(SORT_BY_ALIGNMENT(.__static_thread_data.static.*)))
                0x000000000000725c                __static_thread_data_list_end = .

device_deps     0x000000000000725c        0x0
                0x000000000000725c                __device_deps_start = .
 *(SORT_BY_NAME(SORT_BY_ALIGNMENT(.__device_deps_pass2*)))
                0x000000000000725c                __device_deps_end = .

ztest           0x000000000000725c        0x0
                0x000000000000725c                _ztest_expected_result_entry_list_start = .
 *(SORT_BY_NAME(SORT_BY_ALIGNMENT(._ztest_expected_result_entry.static.*)))
                0x000000000000725c                _ztest_expected_result_entry_list_end = .
                0x000000000000725c                _ztest_suite_node_list_start = .
 *(SORT_BY_NAME(SORT_BY_ALIGNMENT(._ztest_suite_node.static.*)))
                0x000000000000725c                _ztest_suite_node_list_end = .
                0x000000000000725c                _ztest_unit_test_list_start = .
 *(SORT_BY_NAME(SORT_BY_ALIGNMENT(._ztest_unit_test.static.*)))
                0x000000000000725c                _ztest_unit_test_list_end = .
                0x000000000000725c                _ztest_test_rule_list_start = .
 *(SORT_BY_NAME(SORT_BY_ALIGNMENT(._ztest_test_rule.static.*)))
                0x000000000000725c                _ztest_test_rule_list_end = .

init_array      0x000000000000725c        0x0
 *(SORT_BY_NAME(SORT_BY_ALIGNMENT(.ctors*)))
 *(SORT_BY_NAME(SORT_BY_ALIGNMENT(.init_array*)))
                0x0000000000000001                ASSERT ((SIZEOF (init_array) == 0x0), GNU-style constructors required but STATIC_INIT_GNU not enabled)

bt_l2cap_fixed_chan_area
                0x000000000000725c        0x0
                0x000000000000725c                _bt_l2cap_fixed_chan_list_start = .
 *(SORT_BY_NAME(SORT_BY_ALIGNMENT(._bt_l2cap_fixed_chan.static.*)))
                0x000000000000725c                _bt_l2cap_fixed_chan_list_end = .

bt_gatt_service_static_area
                0x000000000000725c        0x0
                0x000000000000725c                _bt_gatt_service_static_list_start = .
 *(SORT_BY_NAME(SORT_BY_ALIGNMENT(._bt_gatt_service_static.static.*)))
                0x000000000000725c                _bt_gatt_service_static_list_end = .

log_strings_area
                0x000000000000725c        0x0
                0x000000000000725c                _log_strings_list_start = .
 *(SORT_BY_NAME(SORT_BY_ALIGNMENT(._log_strings.static.*)))
                0x000000000000725c                _log_strings_list_end = .

log_const_area  0x000000000000725c        0x8
                0x000000000000725c                _log_const_list_start = .
 *(SORT_BY_NAME(SORT_BY_ALIGNMENT(._log_const.static.*)))
 ._log_const.static.log_const_mcuboot_
                0x000000000000725c        0x8 app/libapp.a(main.c.obj)
                0x000000000000725c                log_const_mcuboot
                0x0000000000007264                _log_const_list_end = .

log_backend_area
                0x0000000000007264        0x0
                0x0000000000007264                _log_backend_list_start = .
 *(SORT_BY_NAME(SORT_BY_ALIGNMENT(._log_backend.static.*)))
                0x0000000000007264                _log_backend_list_end = .

log_link_area   0x0000000000007264        0x0
                0x0000000000007264                _log_link_list_start = .
 *(SORT_BY_NAME(SORT_BY_ALIGNMENT(._log_link.static.*)))
                0x0000000000007264                _log_link_list_end = .

tracing_backend_area
                0x0000000000007264        0x0
                0x0000000000007264                _tracing_backend_list_start = .
 *(SORT_BY_NAME(SORT_BY_ALIGNMENT(._tracing_backend.static.*)))
                0x0000000000007264                _tracing_backend_list_end = .

zephyr_dbg_info
 *(SORT_BY_ALIGNMENT(.dbg_thread_info))

intc_table_area
                0x0000000000007264        0x0
                0x0000000000007264                _intc_table_list_start = .
 *(SORT_BY_NAME(SORT_BY_ALIGNMENT(._intc_table.static.*)))
                0x0000000000007264                _intc_table_list_end = .

symbol_to_keep  0x0000000000007264        0x0
                0x0000000000007264                __symbol_to_keep_start = .
 *(SORT_BY_NAME(SORT_BY_ALIGNMENT(.symbol_to_keep*)))
                0x0000000000007264                __symbol_to_keep_end = .

shell_area      0x0000000000007264        0x0
                0x0000000000007264                _shell_list_start = .
 *(SORT_BY_NAME(SORT_BY_ALIGNMENT(._shell.static.*)))
                0x0000000000007264                _shell_list_end = .

shell_root_cmds_area
                0x0000000000007264        0x0
                0x0000000000007264                _shell_root_cmds_list_start = .
 *(SORT_BY_NAME(SORT_BY_ALIGNMENT(._shell_root_cmds.static.*)))
                0x0000000000007264                _shell_root_cmds_list_end = .

shell_subcmds_area
                0x0000000000007264        0x0
                0x0000000000007264                _shell_subcmds_list_start = .
 *(SORT_BY_NAME(SORT_BY_ALIGNMENT(._shell_subcmds.static.*)))
                0x0000000000007264                _shell_subcmds_list_end = .

shell_dynamic_subcmds_area
                0x0000000000007264        0x0
                0x0000000000007264                _shell_dynamic_subcmds_list_start = .
 *(SORT_BY_NAME(SORT_BY_ALIGNMENT(._shell_dynamic_subcmds.static.*)))
                0x0000000000007264                _shell_dynamic_subcmds_list_end = .

cfb_font_area   0x0000000000007264        0x0
                0x0000000000007264                _cfb_font_list_start = .
 *(SORT_BY_NAME(SORT_BY_ALIGNMENT(._cfb_font.static.*)))
                0x0000000000007264                _cfb_font_list_end = .

rodata          0x0000000000007270      0xab8
 *(SORT_BY_ALIGNMENT(.rodata))
 .rodata        0x0000000000007270       0x10 /home/luka/ncs/v2.9.1/nrfxlib/crypto/nrf_cc310_bl/lib/cortex-m4/hard-float/no-interrupts/libnrf_cc310_bl_0.9.12.a(nrf_cc310_bl_hash_sha256.c.obj)
 *(SORT_BY_ALIGNMENT(.rodata.*))
 .rodata.delay_machine_code.0
                0x0000000000007280        0x6 zephyr/soc/soc/nrf52840/libsoc__nordic.a(soc.c.obj)
 *fill*         0x0000000000007286        0x2 
 .rodata.all_slots.0
                0x0000000000007288        0x8 app/libapp.a(flash_map_extended.c.obj)
 .rodata.bootutil_key_cnt
                0x0000000000007290        0x4 app/libapp.a(keys.c.obj)
                0x0000000000007290                bootutil_key_cnt
 .rodata.bootutil_keys
                0x0000000000007294        0x8 app/libapp.a(keys.c.obj)
                0x0000000000007294                bootutil_keys
 .rodata.all_slots.0
                0x000000000000729c        0x8 app/libapp.a(bootutil_misc.c.obj)
 .rodata.all_slots.0
                0x00000000000072a4        0x8 app/libapp.a(swap_misc.c.obj)
 .rodata.ecdsa_pub_key_len
                0x00000000000072ac        0x4 app/libapp.a(autogen-pubkey.c.obj)
                0x00000000000072ac                ecdsa_pub_key_len
 .rodata.mem_attr_region
                0x00000000000072b0        0x0 zephyr/libzephyr.a(mem_attr.c.obj)
 .rodata.flash_map_entries
                0x00000000000072b0        0x4 zephyr/libzephyr.a(flash_map_partition_manager.c.obj)
                0x00000000000072b0                flash_map_entries
 .rodata.default_flash_map
                0x00000000000072b4       0x60 zephyr/libzephyr.a(flash_map_partition_manager.c.obj)
                0x00000000000072b4                default_flash_map
 .rodata.apis   0x0000000000007314        0x8 zephyr/libzephyr.a(nrf_cc3xx_platform_abort_zephyr.c.obj)
 .rodata.static_regions
                0x000000000000731c       0x18 zephyr/arch/arch/arm/core/mpu/libarch__arm__core__mpu.a(arm_core_mpu.c.obj)
 .rodata.mpu_config
                0x0000000000007334        0x8 zephyr/arch/arch/arm/core/mpu/libarch__arm__core__mpu.a(arm_mpu_regions.c.obj)
                0x0000000000007334                mpu_config
 .rodata.mpu_regions
                0x000000000000733c       0x18 zephyr/arch/arch/arm/core/mpu/libarch__arm__core__mpu.a(arm_mpu_regions.c.obj)
 .rodata.transitions.0
                0x0000000000007354        0xc zephyr/drivers/clock_control/libdrivers__clock_control.a(clock_control_nrf.c.obj)
 .rodata.config
                0x0000000000007360       0x18 zephyr/drivers/clock_control/libdrivers__clock_control.a(clock_control_nrf.c.obj)
 .rodata.clock_control_api
                0x0000000000007378       0x1c zephyr/drivers/clock_control/libdrivers__clock_control.a(clock_control_nrf.c.obj)
 .rodata.flash_nrf_api
                0x0000000000007394       0x14 zephyr/drivers/flash/libdrivers__flash.a(soc_flash_nrf.c.obj)
 .rodata.flash_nrf_parameters
                0x00000000000073a8        0x8 zephyr/drivers/flash/libdrivers__flash.a(soc_flash_nrf.c.obj)
 .rodata.gpio_nrfx_p1_cfg
                0x00000000000073b0       0x18 zephyr/drivers/gpio/libdrivers__gpio.a(gpio_nrfx.c.obj)
 .rodata.gpio_nrfx_p0_cfg
                0x00000000000073c8       0x18 zephyr/drivers/gpio/libdrivers__gpio.a(gpio_nrfx.c.obj)
 .rodata.gpio_nrfx_drv_api_funcs
                0x00000000000073e0       0x24 zephyr/drivers/gpio/libdrivers__gpio.a(gpio_nrfx.c.obj)
 .rodata.uarte_0z_config
                0x0000000000007404       0x20 zephyr/drivers/serial/libdrivers__serial.a(uart_nrfx_uarte.c.obj)
 .rodata.__pinctrl_dev_config__device_dts_ord_113
                0x0000000000007424        0xc zephyr/drivers/serial/libdrivers__serial.a(uart_nrfx_uarte.c.obj)
 .rodata.__pinctrl_states__device_dts_ord_113
                0x0000000000007430        0x8 zephyr/drivers/serial/libdrivers__serial.a(uart_nrfx_uarte.c.obj)
 .rodata.__pinctrl_state_pins_0__device_dts_ord_113
                0x0000000000007438       0x10 zephyr/drivers/serial/libdrivers__serial.a(uart_nrfx_uarte.c.obj)
 .rodata.uart_nrfx_uarte_driver_api
                0x0000000000007448        0xc zephyr/drivers/serial/libdrivers__serial.a(uart_nrfx_uarte.c.obj)
 .rodata.all_slots.0
                0x0000000000007454        0x8 modules/mcuboot/boot/bootutil/zephyr/libmcuboot_util.a(bootutil_public.c.obj)
 .rodata.levels.0
                0x000000000000745c       0x18 zephyr/kernel/libkernel.a(init.c.obj)
 .rodata.CSWTCH.10
                0x0000000000007474       0x1c /home/luka/ncs/v2.9.1/nrfxlib/crypto/nrf_cc310_platform/lib/cortex-m4/hard-float/no-interrupts/libnrf_cc310_platform_0.9.19.a(nrf_cc3xx_platform.c.obj)
 .rodata.CC_PalPowerSaveModeInit.str1.4
                0x0000000000007490       0x20 /home/luka/ncs/v2.9.1/nrfxlib/crypto/nrf_cc310_platform/lib/cortex-m4/hard-float/no-interrupts/libnrf_cc310_platform_0.9.19.a(cc_pal_pm.c.obj)
 .rodata.mutex_free.str1.4
                0x00000000000074b0       0x26 /home/luka/ncs/v2.9.1/nrfxlib/crypto/nrf_cc310_platform/lib/cortex-m4/hard-float/no-interrupts/libnrf_cc310_platform_0.9.19.a(nrf_cc3xx_platform_mutex.c.obj)
 *fill*         0x00000000000074d6        0x2 
 .rodata.mutex_init.str1.4
                0x00000000000074d8       0x23 /home/luka/ncs/v2.9.1/nrfxlib/crypto/nrf_cc310_platform/lib/cortex-m4/hard-float/no-interrupts/libnrf_cc310_platform_0.9.19.a(nrf_cc3xx_platform_mutex.c.obj)
 *fill*         0x00000000000074fb        0x1 
 .rodata.domain_secp256r1
                0x00000000000074fc       0xcc /home/luka/ncs/v2.9.1/nrfxlib/crypto/nrf_cc310_bl/lib/cortex-m4/hard-float/no-interrupts/libnrf_cc310_bl_0.9.12.a(nrf_cc310_bl_ecdsa_verify_secp256r1.c.obj)
                0x00000000000074fc                domain_secp256r1
 .rodata.NRF_CC310_BL_HASH_LARVAL_SHA256
                0x00000000000075c8       0x20 /home/luka/ncs/v2.9.1/nrfxlib/crypto/nrf_cc310_bl/lib/cortex-m4/hard-float/no-interrupts/libnrf_cc310_bl_0.9.12.a(nrf_cc310_bl_hash_sha256.c.obj)
                0x00000000000075c8                NRF_CC310_BL_HASH_LARVAL_SHA256
 .rodata.allowed_unprot_tlvs
                0x00000000000075e8       0x1e app/libapp.a(image_validate.c.obj)
 .rodata.boot_img_magic
                0x0000000000007606       0x10 modules/mcuboot/boot/bootutil/zephyr/libmcuboot_util.a(bootutil_public.c.obj)
                0x0000000000007606                boot_img_magic
 .rodata.main.str1.1
                0x0000000000007616       0xde app/libapp.a(main.c.obj)
 .rodata.str1.1
                0x00000000000076f4        0x8 app/libapp.a(main.c.obj)
 .rodata.flash_device_base.str1.1
                0x00000000000076fc       0x26 app/libapp.a(flash_map_extended.c.obj)
 .rodata.ec_secp256r1_oid
                0x0000000000007722        0x9 app/libapp.a(image_ecdsa.c.obj)
 .rodata.ec_pubkey_oid
                0x000000000000772b        0x8 app/libapp.a(image_ecdsa.c.obj)
 .rodata.bootutil_max_image_size.str1.1
                0x0000000000007733       0x3b app/libapp.a(bootutil_misc.c.obj)
 .rodata.boot_validate_slot.isra.0.str1.1
                0x000000000000776e       0x3a app/libapp.a(loader.c.obj)
 .rodata.boot_swap_image.isra.0.str1.1
                0x00000000000077a8       0x2f app/libapp.a(loader.c.obj)
 .rodata.context_boot_go.str1.1
                0x00000000000077d7       0xf1 app/libapp.a(loader.c.obj)
 .rodata.swap_read_status_bytes.str1.1
                0x00000000000078c8       0x23 app/libapp.a(swap_move.c.obj)
 .rodata.boot_slots_compatible.str1.1
                0x00000000000078eb       0x93 app/libapp.a(swap_move.c.obj)
 .rodata.swap_status_source.str1.1
                0x000000000000797e       0xa4 app/libapp.a(swap_move.c.obj)
 .rodata.swap_run.str1.1
                0x0000000000007a22       0x89 app/libapp.a(swap_move.c.obj)
 .rodata.ecdsa_pub_key
                0x0000000000007aab       0x5b app/libapp.a(autogen-pubkey.c.obj)
                0x0000000000007aab                ecdsa_pub_key
 .rodata.z_cbvprintf_impl.str1.1
                0x0000000000007b06       0x12 zephyr/libzephyr.a(cbprintf_nano.c.obj)
                                         0x13 (size before relaxing)
 .rodata.boot_banner.str1.1
                0x0000000000007b18       0x92 zephyr/libzephyr.a(banner.c.obj)
 .rodata.str1.1
                0x0000000000007baa        0xf zephyr/arch/arch/arm/core/mpu/libarch__arm__core__mpu.a(arm_mpu_regions.c.obj)
 .rodata.CSWTCH.5
                0x0000000000007bb9        0x6 zephyr/soc/soc/nrf52840/libsoc__nordic.a(soc.c.obj)
 .rodata.str1.1
                0x0000000000007bbf       0x1b zephyr/drivers/clock_control/libdrivers__clock_control.a(clock_control_nrf.c.obj)
 .rodata.str1.1
                0x0000000000007bda       0x1a zephyr/drivers/flash/libdrivers__flash.a(soc_flash_nrf.c.obj)
 .rodata.str1.1
                0x0000000000007bf4       0x1c zephyr/drivers/gpio/libdrivers__gpio.a(gpio_nrfx.c.obj)
 .rodata.drive_modes
                0x0000000000007c10        0x8 zephyr/drivers/pinctrl/libdrivers__pinctrl.a(pinctrl_nrf.c.obj)
 .rodata.str1.1
                0x0000000000007c18        0xe zephyr/drivers/serial/libdrivers__serial.a(uart_nrfx_uarte.c.obj)
 .rodata.boot_swap_type_multi.str1.1
                0x0000000000007c26       0xb8 modules/mcuboot/boot/bootutil/zephyr/libmcuboot_util.a(bootutil_public.c.obj)
 .rodata.boot_swap_tables
                0x0000000000007cde       0x12 modules/mcuboot/boot/bootutil/zephyr/libmcuboot_util.a(bootutil_public.c.obj)
 .rodata.CSWTCH.15
                0x0000000000007cf0        0x6 modules/hal_nordic/nrfx/libmodules__hal_nordic__nrfx.a(system_nrf52840.c.obj)
 .rodata.CSWTCH.6
                0x0000000000007cf6        0x6 modules/hal_nordic/nrfx/libmodules__hal_nordic__nrfx.a(system_nrf52840.c.obj)
 .rodata.port_offset.1
                0x0000000000007cfc       0x10 modules/hal_nordic/nrfx/libmodules__hal_nordic__nrfx.a(nrfx_gpiote.c.obj)
 .rodata.ports  0x0000000000007d0c        0x2 modules/hal_nordic/nrfx/libmodules__hal_nordic__nrfx.a(nrfx_gpiote.c.obj)
 .rodata._DoInit.str1.1
                0x0000000000007d0e        0x9 modules/segger/libmodules__segger.a(SEGGER_RTT.c.obj)
 .rodata._aInitStr.0
                0x0000000000007d17       0x11 modules/segger/libmodules__segger.a(SEGGER_RTT.c.obj)
 *(SORT_BY_ALIGNMENT(.gnu.linkonce.r.*))
                0x0000000000007d28                . = ALIGN (0x4)
                0x0000000000007d28                __rodata_region_end = .
                0x0000000000007d40                . = ALIGN (_region_min_align)
                0x0000000000008000                . = ALIGN ((0x1 << LOG2CEIL ((__rodata_region_end - ADDR (rom_start)))))
                0x0000000000008000                __rom_region_end = ((__rom_region_start + .) - ADDR (rom_start))

/DISCARD/
 *(SORT_BY_ALIGNMENT(.got.plt))
 *(SORT_BY_ALIGNMENT(.igot.plt))
 *(SORT_BY_ALIGNMENT(.got))
 *(SORT_BY_ALIGNMENT(.igot))
                0x0000000020000000                . = 0x20000000
                0x0000000020000000                . = ALIGN (_region_min_align)
                0x0000000020000000                _image_ram_start = .

_RTT_SECTION_NAME
                0x0000000020000000      0x4b8
                0x0000000020000000                __rtt_buff_data_start = .
 *(SORT_BY_ALIGNMENT(.rtt_buff_data))
 .rtt_buff_data
                0x0000000020000000      0x4b8 modules/segger/libmodules__segger.a(SEGGER_RTT.c.obj)
                0x0000000020000410                _SEGGER_RTT
                0x00000000200004b8                __rtt_buff_data_end = ALIGN (0x4)
                0x00000000000004b8                __rtt_buff_data_size = (__rtt_buff_data_end - __rtt_buff_data_start)

.ramfunc        0x00000000200004b8        0x8 load address 0x0000000000007d28
                0x00000000200004c0                . = ALIGN (_region_min_align)
 *fill*         0x00000000200004b8        0x8 
                0x00000000200004c0                . = ALIGN ((0x1 << LOG2CEIL (__ramfunc_size)))